Archive member included because of file (symbol)

C:\Users\Maciej\AppData\Local\arduino15\packages\arduino\hardware\sam\1.6.12\variants\arduino_due_x/libsam_sam3x8e_gcc_rel.a(pio.o)
                              Wire\Wire.cpp.o (PIO_Configure)
C:\Users\Maciej\AppData\Local\arduino15\packages\arduino\hardware\sam\1.6.12\variants\arduino_due_x/libsam_sam3x8e_gcc_rel.a(pmc.o)
                              Wire\Wire.cpp.o (pmc_enable_periph_clk)
C:\Users\Maciej\AppData\Local\arduino15\packages\arduino\hardware\sam\1.6.12\variants\arduino_due_x/libsam_sam3x8e_gcc_rel.a(twi.o)
                              Wire\Wire.cpp.o (TWI_SetClock)
C:\Users\Maciej\AppData\Local\arduino15\packages\arduino\hardware\sam\1.6.12\variants\arduino_due_x/libsam_sam3x8e_gcc_rel.a(system_sam3xa.o)
                              C:\Users\Maciej\AppData\Local\Temp\VMBCore\arduino16x\94a1c61906f5a49ed5c5079cb2e5371c\variant\variant.cpp.o (SystemInit)
C:\Users\Maciej\AppData\Local\arduino15\packages\arduino\hardware\sam\1.6.12\variants\arduino_due_x/libsam_sam3x8e_gcc_rel.a(startup_sam3xa.o)
                              (Reset_Handler)
C:\Users\Maciej\AppData\Local\arduino15\packages\arduino\hardware\sam\1.6.12\variants\arduino_due_x/libsam_sam3x8e_gcc_rel.a(adc.o)
                              C:\Users\Maciej\AppData\Local\Temp\VMBCore\arduino16x\94a1c61906f5a49ed5c5079cb2e5371c\variant\variant.cpp.o (adc_init)
C:\Users\Maciej\AppData\Local\arduino15\packages\arduino\hardware\sam\1.6.12\variants\arduino_due_x/libsam_sam3x8e_gcc_rel.a(uotghs.o)
                              C:\Users\Maciej\AppData\Local\arduino15\packages\arduino\hardware\sam\1.6.12\variants\arduino_due_x/libsam_sam3x8e_gcc_rel.a(startup_sam3xa.o) (UOTGHS_Handler)
C:\Users\Maciej\AppData\Local\Temp\VMBuilds\ISA_Autko\arduino_due_x_dbg\Debug/core.a(cortex_handlers.c.o)
                              C:\Users\Maciej\AppData\Local\arduino15\packages\arduino\hardware\sam\1.6.12\variants\arduino_due_x/libsam_sam3x8e_gcc_rel.a(startup_sam3xa.o) (NMI_Handler)
C:\Users\Maciej\AppData\Local\Temp\VMBuilds\ISA_Autko\arduino_due_x_dbg\Debug/core.a(hooks.c.o)
                              C:\Users\Maciej\AppData\Local\Temp\VMBuilds\ISA_Autko\arduino_due_x_dbg\Debug/core.a(cortex_handlers.c.o) (sysTickHook)
C:\Users\Maciej\AppData\Local\Temp\VMBuilds\ISA_Autko\arduino_due_x_dbg\Debug/core.a(syscalls_sam3.c.o)
                              (_sbrk)
C:\Users\Maciej\AppData\Local\Temp\VMBuilds\ISA_Autko\arduino_due_x_dbg\Debug/core.a(wiring.c.o)
                              ISA_Autko.cpp.o (millis)
C:\Users\Maciej\AppData\Local\Temp\VMBuilds\ISA_Autko\arduino_due_x_dbg\Debug/core.a(wiring_analog.c.o)
                              C:\Users\Maciej\AppData\Local\Temp\VMBCore\arduino16x\94a1c61906f5a49ed5c5079cb2e5371c\variant\variant.cpp.o (analogOutputInit)
C:\Users\Maciej\AppData\Local\Temp\VMBuilds\ISA_Autko\arduino_due_x_dbg\Debug/core.a(wiring_digital.c.o)
                              ISA_Autko.cpp.o (pinMode)
C:\Users\Maciej\AppData\Local\Temp\VMBuilds\ISA_Autko\arduino_due_x_dbg\Debug/core.a(abi.cpp.o)
                              Wire\Wire.cpp.o (__cxa_pure_virtual)
C:\Users\Maciej\AppData\Local\Temp\VMBuilds\ISA_Autko\arduino_due_x_dbg\Debug/core.a(main.cpp.o)
                              c:/users/maciej/appdata/local/arduino15/packages/arduino/tools/arm-none-eabi-gcc/4.8.3-2014q1/bin/../lib/gcc/arm-none-eabi/4.8.3/../../../../arm-none-eabi/lib/armv7-m/crt0.o (main)
C:\Users\Maciej\AppData\Local\Temp\VMBuilds\ISA_Autko\arduino_due_x_dbg\Debug/core.a(Print.cpp.o)
                              Wire\Wire.cpp.o (Print::write(unsigned char const*, unsigned int))
C:\Users\Maciej\AppData\Local\Temp\VMBuilds\ISA_Autko\arduino_due_x_dbg\Debug/core.a(Reset.cpp.o)
                              C:\Users\Maciej\AppData\Local\Temp\VMBuilds\ISA_Autko\arduino_due_x_dbg\Debug/core.a(cortex_handlers.c.o) (tickReset)
C:\Users\Maciej\AppData\Local\Temp\VMBuilds\ISA_Autko\arduino_due_x_dbg\Debug/core.a(RingBuffer.cpp.o)
                              C:\Users\Maciej\AppData\Local\Temp\VMBCore\arduino16x\94a1c61906f5a49ed5c5079cb2e5371c\variant\variant.cpp.o (RingBuffer::RingBuffer())
C:\Users\Maciej\AppData\Local\Temp\VMBuilds\ISA_Autko\arduino_due_x_dbg\Debug/core.a(UARTClass.cpp.o)
                              C:\Users\Maciej\AppData\Local\Temp\VMBCore\arduino16x\94a1c61906f5a49ed5c5079cb2e5371c\variant\variant.cpp.o (UARTClass::available())
C:\Users\Maciej\AppData\Local\Temp\VMBuilds\ISA_Autko\arduino_due_x_dbg\Debug/core.a(USARTClass.cpp.o)
                              C:\Users\Maciej\AppData\Local\Temp\VMBCore\arduino16x\94a1c61906f5a49ed5c5079cb2e5371c\variant\variant.cpp.o (USARTClass::USARTClass(Usart*, IRQn, unsigned long, RingBuffer*, RingBuffer*))
C:\Users\Maciej\AppData\Local\Temp\VMBuilds\ISA_Autko\arduino_due_x_dbg\Debug/core.a(watchdog.cpp.o)
                              C:\Users\Maciej\AppData\Local\Temp\VMBuilds\ISA_Autko\arduino_due_x_dbg\Debug/core.a(main.cpp.o) (watchdogSetup())
[...]
Memory Configuration

Name             Origin             Length             Attributes
rom              0x00080000         0x00080000         xr
sram0            0x20000000         0x00010000         xrw
sram1            0x20080000         0x00008000         xrw
ram              0x20070000         0x00018000         xrw
*default*        0x00000000         0xffffffff

Linker script and memory map

LOAD c:/users/maciej/appdata/local/arduino15/packages/arduino/tools/arm-none-eabi-gcc/4.8.3-2014q1/bin/../lib/gcc/arm-none-eabi/4.8.3/armv7-m/crti.o
LOAD c:/users/maciej/appdata/local/arduino15/packages/arduino/tools/arm-none-eabi-gcc/4.8.3-2014q1/bin/../lib/gcc/arm-none-eabi/4.8.3/armv7-m/crtbegin.o
LOAD c:/users/maciej/appdata/local/arduino15/packages/arduino/tools/arm-none-eabi-gcc/4.8.3-2014q1/bin/../lib/gcc/arm-none-eabi/4.8.3/../../../../arm-none-eabi/lib/armv7-m/crt0.o
START GROUP
LOAD ISA_Autko.cpp.o
LOAD QMC5883.cpp.o
LOAD Wire\Wire.cpp.o
LOAD VM_DBG\VM_DBG.cpp.o
LOAD VM_DBG\VM_mem_check_sam.cpp.o
LOAD C:\Users\Maciej\AppData\Local\Temp\VMBCore\arduino16x\94a1c61906f5a49ed5c5079cb2e5371c\variant\variant.cpp.o
LOAD C:\Users\Maciej\AppData\Local\arduino15\packages\arduino\hardware\sam\1.6.12\variants\arduino_due_x/libsam_sam3x8e_gcc_rel.a
LOAD C:\Users\Maciej\AppData\Local\Temp\VMBuilds\ISA_Autko\arduino_due_x_dbg\Debug/core.a
END GROUP
LOAD c:/users/maciej/appdata/local/arduino15/packages/arduino/tools/arm-none-eabi-gcc/4.8.3-2014q1/bin/../lib/gcc/arm-none-eabi/4.8.3/../../../../arm-none-eabi/lib/armv7-m\libm.a
LOAD c:/users/maciej/appdata/local/arduino15/packages/arduino/tools/arm-none-eabi-gcc/4.8.3-2014q1/bin/../lib/gcc/arm-none-eabi/4.8.3/armv7-m\libgcc.a
START GROUP
LOAD c:/users/maciej/appdata/local/arduino15/packages/arduino/tools/arm-none-eabi-gcc/4.8.3-2014q1/bin/../lib/gcc/arm-none-eabi/4.8.3/armv7-m\libgcc.a
LOAD c:/users/maciej/appdata/local/arduino15/packages/arduino/tools/arm-none-eabi-gcc/4.8.3-2014q1/bin/../lib/gcc/arm-none-eabi/4.8.3/../../../../arm-none-eabi/lib/armv7-m\libc.a
END GROUP
LOAD c:/users/maciej/appdata/local/arduino15/packages/arduino/tools/arm-none-eabi-gcc/4.8.3-2014q1/bin/../lib/gcc/arm-none-eabi/4.8.3/armv7-m/crtend.o
LOAD c:/users/maciej/appdata/local/arduino15/packages/arduino/tools/arm-none-eabi-gcc/4.8.3-2014q1/bin/../lib/gcc/arm-none-eabi/4.8.3/armv7-m/crtn.o

.text           0x00080000     0x7074
                0x00080000                . = ALIGN (0x4)
                0x00080000                _sfixed = .
 *(.vectors .vectors.*)
 .vectors       0x00080000       0xf4 C:\Users\Maciej\AppData\Local\arduino15\packages\arduino\hardware\sam\1.6.12\variants\arduino_due_x/libsam_sam3x8e_gcc_rel.a(startup_sam3xa.o)
                0x00080000                exception_table
 *(.text .text.* .gnu.linkonce.t.*)
 .text          0x000800f4       0x54 c:/users/maciej/appdata/local/arduino15/packages/arduino/tools/arm-none-eabi-gcc/4.8.3-2014q1/bin/../lib/gcc/arm-none-eabi/4.8.3/armv7-m/crtbegin.o
 .text._Z8breakCarv
                0x00080148       0x54 ISA_Autko.cpp.o
                0x00080148                breakCar()
 .text._Z8turnLefti
                0x0008019c       0x64 ISA_Autko.cpp.o
                0x0008019c                turnLeft(int)
 .text._Z9turnRighti
                0x00080200       0x64 ISA_Autko.cpp.o
                0x00080200                turnRight(int)
 .text._Z11readCompassv
                0x00080264       0x20 ISA_Autko.cpp.o
                0x00080264                readCompass()
 .text._Z12setDirection11Coordinatesii
                0x00080284       0xc4 ISA_Autko.cpp.o
                0x00080284                setDirection(Coordinates, int, int)
 .text.loop     0x00080348       0x20 ISA_Autko.cpp.o
                0x00080348                loop
 .text.setup    0x00080368       0xf4 ISA_Autko.cpp.o
                0x00080368                setup
 .text._ZN7QMC588313writeRegisterEhh
                0x0008045c       0x30 QMC5883.cpp.o
                0x0008045c                QMC5883::writeRegister(unsigned char, unsigned char)
 .text._ZN7QMC58834initEv
                0x0008048c       0x1a QMC5883.cpp.o
                0x0008048c                QMC5883::init()
 *fill*         0x000804a6        0x2 
 .text._ZN7QMC58837measureEv
                0x000804a8       0x78 QMC5883.cpp.o
                0x000804a8                QMC5883::measure()
 .text._ZN7TwoWire5writeEPKhj
                0x00080520       0x50 Wire\Wire.cpp.o
                0x00080520                TwoWire::write(unsigned char const*, unsigned int)
 .text._ZN7TwoWire9availableEv
                0x00080570        0xc Wire\Wire.cpp.o
                0x00080570                TwoWire::available()
 .text._ZN7TwoWire4readEv
                0x0008057c       0x1e Wire\Wire.cpp.o
                0x0008057c                TwoWire::read()
 .text._ZN7TwoWire4peekEv
                0x0008059a       0x16 Wire\Wire.cpp.o
                0x0008059a                TwoWire::peek()
 .text._ZN7TwoWire5flushEv
                0x000805b0        0x2 Wire\Wire.cpp.o
                0x000805b0                TwoWire::flush()
 .text._ZN7TwoWire5writeEh
                0x000805b2       0x3a Wire\Wire.cpp.o
                0x000805b2                TwoWire::write(unsigned char)
 .text._ZL16TWI_WaitByteSentP3Twim.constprop.3
                0x000805ec       0x2c Wire\Wire.cpp.o
 .text._ZL24TWI_WaitTransferCompleteP3Twim.constprop.4
                0x00080618       0x2c Wire\Wire.cpp.o
 .text._ZL9Wire_Initv
                0x00080644       0x54 Wire\Wire.cpp.o
 .text._ZL12Wire1_Deinitv
                0x00080698       0x18 Wire\Wire.cpp.o
 .text._ZL11Wire_Deinitv
                0x000806b0       0x18 Wire\Wire.cpp.o
 .text._ZL10Wire1_Initv
                0x000806c8       0x54 Wire\Wire.cpp.o
 .text._ZN7TwoWireC2EP3TwiPFvvES3_
                0x0008071c       0x48 Wire\Wire.cpp.o
                0x0008071c                TwoWire::TwoWire(Twi*, void (*)(), void (*)())
                0x0008071c                TwoWire::TwoWire(Twi*, void (*)(), void (*)())
 .text._ZN7TwoWire5beginEv
                0x00080764       0x30 Wire\Wire.cpp.o
                0x00080764                TwoWire::begin()
 .text._ZN7TwoWire11requestFromEhhmhh
                0x00080794       0x78 Wire\Wire.cpp.o
                0x00080794                TwoWire::requestFrom(unsigned char, unsigned char, unsigned long, unsigned char, unsigned char)
 .text._ZN7TwoWire11requestFromEhhh
                0x0008080c       0x12 Wire\Wire.cpp.o
                0x0008080c                TwoWire::requestFrom(unsigned char, unsigned char, unsigned char)
 .text._ZN7TwoWire11requestFromEhh
                0x0008081e        0x6 Wire\Wire.cpp.o
                0x0008081e                TwoWire::requestFrom(unsigned char, unsigned char)
 .text._ZN7TwoWire17beginTransmissionEh
                0x00080824       0x12 Wire\Wire.cpp.o
                0x00080824                TwoWire::beginTransmission(unsigned char)
 .text._ZN7TwoWire15endTransmissionEh
                0x00080836       0x82 Wire\Wire.cpp.o
                0x00080836                TwoWire::endTransmission(unsigned char)
 .text._ZN7TwoWire15endTransmissionEv
                0x000808b8        0x6 Wire\Wire.cpp.o
                0x000808b8                TwoWire::endTransmission()
 .text._ZN7TwoWire9onServiceEv
                0x000808be      0x118 Wire\Wire.cpp.o
                0x000808be                TwoWire::onService()
 *fill*         0x000809d6        0x2 
 .text.TWI1_Handler
                0x000809d8        0xc Wire\Wire.cpp.o
                0x000809d8                TWI1_Handler
 .text.TWI0_Handler
                0x000809e4        0xc Wire\Wire.cpp.o
                0x000809e4                TWI0_Handler
 .text.startup._GLOBAL__sub_I__ZN7TwoWireC2EP3TwiPFvvES3_
                0x000809f0       0x40 Wire\Wire.cpp.o
 .text._ZN16VisualMicroDebug16DBG_YieldAndWaitEmb
                0x00080a30       0x1a VM_DBG\VM_DBG.cpp.o
                0x00080a30                VisualMicroDebug::DBG_YieldAndWait(unsigned long, bool)
 .text._ZN16VisualMicroDebug16DBG_YieldAndWaitEm
                0x00080a4a        0x6 VM_DBG\VM_DBG.cpp.o
                0x00080a4a                VisualMicroDebug::DBG_YieldAndWait(unsigned long)
 .text._ZN16VisualMicroDebug14outPacketStartEb
                0x00080a50       0x28 VM_DBG\VM_DBG.cpp.o
                0x00080a50                VisualMicroDebug::outPacketStart(bool)
 .text._ZN16VisualMicroDebug12outPacketEndEv
                0x00080a78        0x2 VM_DBG\VM_DBG.cpp.o
                0x00080a78                VisualMicroDebug::outPacketEnd()
 .text._ZN16VisualMicroDebug4initEm
                0x00080a7a        0xe VM_DBG\VM_DBG.cpp.o
                0x00080a7a                VisualMicroDebug::init(unsigned long)
 .text._ZN16VisualMicroDebug5beginEP9UARTClassm
                0x00080a88       0x10 VM_DBG\VM_DBG.cpp.o
                0x00080a88                VisualMicroDebug::begin(UARTClass*, unsigned long)
 .text._ZN16VisualMicroDebug4readEv
                0x00080a98        0xe VM_DBG\VM_DBG.cpp.o
                0x00080a98                VisualMicroDebug::read()
 .text._ZN16VisualMicroDebug9availableEv
                0x00080aa6        0xe VM_DBG\VM_DBG.cpp.o
                0x00080aa6                VisualMicroDebug::available()
 .text._ZN16VisualMicroDebug16sendContinuedACKEh
                0x00080ab4       0x3c VM_DBG\VM_DBG.cpp.o
                0x00080ab4                VisualMicroDebug::sendContinuedACK(unsigned char)
 .text._ZN16VisualMicroDebug9breakWaitEh
                0x00080af0       0x54 VM_DBG\VM_DBG.cpp.o
                0x00080af0                VisualMicroDebug::breakWait(unsigned char)
 .text._ZN16VisualMicroDebug5startEbb
                0x00080b44       0x26 VM_DBG\VM_DBG.cpp.o
                0x00080b44                VisualMicroDebug::start(bool, bool)
 *fill*         0x00080b6a        0x2 
 .text.startup._GLOBAL__sub_I__ZN16VisualMicroDebug16DBG_YieldAndWaitEm
                0x00080b6c       0x14 VM_DBG\VM_DBG.cpp.o
 .text._Z11serialEventv
                0x00080b80        0x2 C:\Users\Maciej\AppData\Local\Temp\VMBCore\arduino16x\94a1c61906f5a49ed5c5079cb2e5371c\variant\variant.cpp.o
                0x00080b80                serialEvent()
 *fill*         0x00080b82        0x2 
 .text.UART_Handler
                0x00080b84        0xc C:\Users\Maciej\AppData\Local\Temp\VMBCore\arduino16x\94a1c61906f5a49ed5c5079cb2e5371c\variant\variant.cpp.o
                0x00080b84                UART_Handler
 .text._Z12serialEvent1v
                0x00080b90        0x2 C:\Users\Maciej\AppData\Local\Temp\VMBCore\arduino16x\94a1c61906f5a49ed5c5079cb2e5371c\variant\variant.cpp.o
                0x00080b90                serialEvent1()
 .text._Z12serialEvent2v
                0x00080b92        0x2 C:\Users\Maciej\AppData\Local\Temp\VMBCore\arduino16x\94a1c61906f5a49ed5c5079cb2e5371c\variant\variant.cpp.o
                0x00080b92                serialEvent2()
 .text._Z12serialEvent3v
                0x00080b94        0x2 C:\Users\Maciej\AppData\Local\Temp\VMBCore\arduino16x\94a1c61906f5a49ed5c5079cb2e5371c\variant\variant.cpp.o
                0x00080b94                serialEvent3()
 *fill*         0x00080b96        0x2 
 .text.USART0_Handler
                0x00080b98        0xc C:\Users\Maciej\AppData\Local\Temp\VMBCore\arduino16x\94a1c61906f5a49ed5c5079cb2e5371c\variant\variant.cpp.o
                0x00080b98                USART0_Handler
 .text.USART1_Handler
                0x00080ba4        0xc C:\Users\Maciej\AppData\Local\Temp\VMBCore\arduino16x\94a1c61906f5a49ed5c5079cb2e5371c\variant\variant.cpp.o
                0x00080ba4                USART1_Handler
 .text.USART3_Handler
                0x00080bb0        0xc C:\Users\Maciej\AppData\Local\Temp\VMBCore\arduino16x\94a1c61906f5a49ed5c5079cb2e5371c\variant\variant.cpp.o
                0x00080bb0                USART3_Handler
 .text.init     0x00080bbc      0x128 C:\Users\Maciej\AppData\Local\Temp\VMBCore\arduino16x\94a1c61906f5a49ed5c5079cb2e5371c\variant\variant.cpp.o
                0x00080bbc                init
 .text.startup._GLOBAL__sub_I_g_APinDescription
                0x00080ce4       0xd4 C:\Users\Maciej\AppData\Local\Temp\VMBCore\arduino16x\94a1c61906f5a49ed5c5079cb2e5371c\variant\variant.cpp.o
 .text._Z14serialEventRunv
                0x00080db8       0x44 C:\Users\Maciej\AppData\Local\Temp\VMBCore\arduino16x\94a1c61906f5a49ed5c5079cb2e5371c\variant\variant.cpp.o
                0x00080db8                serialEventRun()
 .text.PIO_PullUp
                0x00080dfc        0xa C:\Users\Maciej\AppData\Local\arduino15\packages\arduino\hardware\sam\1.6.12\variants\arduino_due_x/libsam_sam3x8e_gcc_rel.a(pio.o)
                0x00080dfc                PIO_PullUp
 .text.PIO_SetPeripheral
                0x00080e06       0x26 C:\Users\Maciej\AppData\Local\arduino15\packages\arduino\hardware\sam\1.6.12\variants\arduino_due_x/libsam_sam3x8e_gcc_rel.a(pio.o)
                0x00080e06                PIO_SetPeripheral
 .text.PIO_SetInput
                0x00080e2c       0x26 C:\Users\Maciej\AppData\Local\arduino15\packages\arduino\hardware\sam\1.6.12\variants\arduino_due_x/libsam_sam3x8e_gcc_rel.a(pio.o)
                0x00080e2c                PIO_SetInput
 .text.PIO_SetOutput
                0x00080e52       0x24 C:\Users\Maciej\AppData\Local\arduino15\packages\arduino\hardware\sam\1.6.12\variants\arduino_due_x/libsam_sam3x8e_gcc_rel.a(pio.o)
                0x00080e52                PIO_SetOutput
 *fill*         0x00080e76        0x2 
 .text.PIO_Configure
                0x00080e78       0x64 C:\Users\Maciej\AppData\Local\arduino15\packages\arduino\hardware\sam\1.6.12\variants\arduino_due_x/libsam_sam3x8e_gcc_rel.a(pio.o)
                0x00080e78                PIO_Configure
 .text.PIO_GetOutputDataStatus
                0x00080edc       0x14 C:\Users\Maciej\AppData\Local\arduino15\packages\arduino\hardware\sam\1.6.12\variants\arduino_due_x/libsam_sam3x8e_gcc_rel.a(pio.o)
                0x00080edc                PIO_GetOutputDataStatus
 .text.pmc_enable_upll_clock
                0x00080ef0       0x14 C:\Users\Maciej\AppData\Local\arduino15\packages\arduino\hardware\sam\1.6.12\variants\arduino_due_x/libsam_sam3x8e_gcc_rel.a(pmc.o)
                0x00080ef0                pmc_enable_upll_clock
 .text.pmc_enable_periph_clk
                0x00080f04       0x44 C:\Users\Maciej\AppData\Local\arduino15\packages\arduino\hardware\sam\1.6.12\variants\arduino_due_x/libsam_sam3x8e_gcc_rel.a(pmc.o)
                0x00080f04                pmc_enable_periph_clk
 .text.pmc_disable_periph_clk
                0x00080f48       0x40 C:\Users\Maciej\AppData\Local\arduino15\packages\arduino\hardware\sam\1.6.12\variants\arduino_due_x/libsam_sam3x8e_gcc_rel.a(pmc.o)
                0x00080f48                pmc_disable_periph_clk
 .text.pmc_switch_udpck_to_upllck
                0x00080f88       0x14 C:\Users\Maciej\AppData\Local\arduino15\packages\arduino\hardware\sam\1.6.12\variants\arduino_due_x/libsam_sam3x8e_gcc_rel.a(pmc.o)
                0x00080f88                pmc_switch_udpck_to_upllck
 .text.pmc_enable_udpck
                0x00080f9c        0xc C:\Users\Maciej\AppData\Local\arduino15\packages\arduino\hardware\sam\1.6.12\variants\arduino_due_x/libsam_sam3x8e_gcc_rel.a(pmc.o)
                0x00080f9c                pmc_enable_udpck
 .text.TWI_SetClock
                0x00080fa8       0x58 C:\Users\Maciej\AppData\Local\arduino15\packages\arduino\hardware\sam\1.6.12\variants\arduino_due_x/libsam_sam3x8e_gcc_rel.a(twi.o)
                0x00080fa8                TWI_SetClock
 .text.TWI_Disable
                0x00081000       0x2c C:\Users\Maciej\AppData\Local\arduino15\packages\arduino\hardware\sam\1.6.12\variants\arduino_due_x/libsam_sam3x8e_gcc_rel.a(twi.o)
                0x00081000                TWI_Disable
 .text.TWI_ConfigureMaster
                0x0008102c       0x48 C:\Users\Maciej\AppData\Local\arduino15\packages\arduino\hardware\sam\1.6.12\variants\arduino_due_x/libsam_sam3x8e_gcc_rel.a(twi.o)
                0x0008102c                TWI_ConfigureMaster
 .text.TWI_Stop
                0x00081074       0x28 C:\Users\Maciej\AppData\Local\arduino15\packages\arduino\hardware\sam\1.6.12\variants\arduino_due_x/libsam_sam3x8e_gcc_rel.a(twi.o)
                0x00081074                TWI_Stop
 .text.TWI_StartRead
                0x0008109c       0x70 C:\Users\Maciej\AppData\Local\arduino15\packages\arduino\hardware\sam\1.6.12\variants\arduino_due_x/libsam_sam3x8e_gcc_rel.a(twi.o)
                0x0008109c                TWI_StartRead
 .text.TWI_ReadByte
                0x0008110c       0x28 C:\Users\Maciej\AppData\Local\arduino15\packages\arduino\hardware\sam\1.6.12\variants\arduino_due_x/libsam_sam3x8e_gcc_rel.a(twi.o)
                0x0008110c                TWI_ReadByte
 .text.TWI_WriteByte
                0x00081134       0x24 C:\Users\Maciej\AppData\Local\arduino15\packages\arduino\hardware\sam\1.6.12\variants\arduino_due_x/libsam_sam3x8e_gcc_rel.a(twi.o)
                0x00081134                TWI_WriteByte
 .text.TWI_StartWrite
                0x00081158       0x7c C:\Users\Maciej\AppData\Local\arduino15\packages\arduino\hardware\sam\1.6.12\variants\arduino_due_x/libsam_sam3x8e_gcc_rel.a(twi.o)
                0x00081158                TWI_StartWrite
 .text.TWI_EnableIt
                0x000811d4       0x40 C:\Users\Maciej\AppData\Local\arduino15\packages\arduino\hardware\sam\1.6.12\variants\arduino_due_x/libsam_sam3x8e_gcc_rel.a(twi.o)
                0x000811d4                TWI_EnableIt
 .text.TWI_DisableIt
                0x00081214       0x40 C:\Users\Maciej\AppData\Local\arduino15\packages\arduino\hardware\sam\1.6.12\variants\arduino_due_x/libsam_sam3x8e_gcc_rel.a(twi.o)
                0x00081214                TWI_DisableIt
 .text.TWI_GetStatus
                0x00081254       0x28 C:\Users\Maciej\AppData\Local\arduino15\packages\arduino\hardware\sam\1.6.12\variants\arduino_due_x/libsam_sam3x8e_gcc_rel.a(twi.o)
                0x00081254                TWI_GetStatus
 .text.TWI_SendSTOPCondition
                0x0008127c       0x2c C:\Users\Maciej\AppData\Local\arduino15\packages\arduino\hardware\sam\1.6.12\variants\arduino_due_x/libsam_sam3x8e_gcc_rel.a(twi.o)
                0x0008127c                TWI_SendSTOPCondition
 .text.SystemInit
                0x000812a8       0x88 C:\Users\Maciej\AppData\Local\arduino15\packages\arduino\hardware\sam\1.6.12\variants\arduino_due_x/libsam_sam3x8e_gcc_rel.a(system_sam3xa.o)
                0x000812a8                SystemInit
 .text.Reset_Handler
                0x00081330       0x78 C:\Users\Maciej\AppData\Local\arduino15\packages\arduino\hardware\sam\1.6.12\variants\arduino_due_x/libsam_sam3x8e_gcc_rel.a(startup_sam3xa.o)
                0x00081330                Reset_Handler
 .text.adc_init
                0x000813a8       0x98 C:\Users\Maciej\AppData\Local\arduino15\packages\arduino\hardware\sam\1.6.12\variants\arduino_due_x/libsam_sam3x8e_gcc_rel.a(adc.o)
                0x000813a8                adc_init
 .text.adc_configure_trigger
                0x00081440        0xe C:\Users\Maciej\AppData\Local\arduino15\packages\arduino\hardware\sam\1.6.12\variants\arduino_due_x/libsam_sam3x8e_gcc_rel.a(adc.o)
                0x00081440                adc_configure_trigger
 .text.adc_configure_timing
                0x0008144e       0x1a C:\Users\Maciej\AppData\Local\arduino15\packages\arduino\hardware\sam\1.6.12\variants\arduino_due_x/libsam_sam3x8e_gcc_rel.a(adc.o)
                0x0008144e                adc_configure_timing
 .text.adc_disable_channel
                0x00081468        0xa C:\Users\Maciej\AppData\Local\arduino15\packages\arduino\hardware\sam\1.6.12\variants\arduino_due_x/libsam_sam3x8e_gcc_rel.a(adc.o)
                0x00081468                adc_disable_channel
 .text.adc_disable_all_channel
                0x00081472        0x8 C:\Users\Maciej\AppData\Local\arduino15\packages\arduino\hardware\sam\1.6.12\variants\arduino_due_x/libsam_sam3x8e_gcc_rel.a(adc.o)
                0x00081472                adc_disable_all_channel
 .text.adc_disable_interrupt
                0x0008147a        0x4 C:\Users\Maciej\AppData\Local\arduino15\packages\arduino\hardware\sam\1.6.12\variants\arduino_due_x/libsam_sam3x8e_gcc_rel.a(adc.o)
                0x0008147a                adc_disable_interrupt
 *fill*         0x0008147e        0x2 
 .text.UOTGHS_Handler
                0x00081480       0x10 C:\Users\Maciej\AppData\Local\arduino15\packages\arduino\hardware\sam\1.6.12\variants\arduino_due_x/libsam_sam3x8e_gcc_rel.a(uotghs.o)
                0x00081480                UOTGHS_Handler
 .text.__halt   0x00081490        0x2 C:\Users\Maciej\AppData\Local\Temp\VMBuilds\ISA_Autko\arduino_due_x_dbg\Debug/core.a(cortex_handlers.c.o)
                0x00081490                DACC_Handler
                0x00081490                DebugMon_Handler
                0x00081490                DMAC_Handler
                0x00081490                TRNG_Handler
                0x00081490                HardFault_Handler
                0x00081490                TC2_Handler
                0x00081490                NMI_Handler
                0x00081490                TC7_Handler
                0x00081490                ADC_Handler
                0x00081490                SMC_Handler
                0x00081490                RTT_Handler
                0x00081490                EFC1_Handler
                0x00081490                PIOB_Handler
                0x00081490                RTC_Handler
                0x00081490                UsageFault_Handler
                0x00081490                TC6_Handler
                0x00081490                WDT_Handler
                0x00081490                CAN0_Handler
                0x00081490                TC4_Handler
                0x00081490                TC1_Handler
                0x00081490                HSMCI_Handler
                0x00081490                TC3_Handler
                0x00081490                PIOA_Handler
                0x00081490                SSC_Handler
                0x00081490                EFC0_Handler
                0x00081490                PMC_Handler
                0x00081490                PWM_Handler
                0x00081490                CAN1_Handler
                0x00081490                MemManage_Handler
                0x00081490                SUPC_Handler
                0x00081490                TC8_Handler
                0x00081490                USART2_Handler
                0x00081490                PIOD_Handler
                0x00081490                EMAC_Handler
                0x00081490                PIOC_Handler
                0x00081490                BusFault_Handler
                0x00081490                RSTC_Handler
                0x00081490                TC0_Handler
                0x00081490                TC5_Handler
                0x00081490                SPI0_Handler
 .text.SVC_Handler
                0x00081492        0x4 C:\Users\Maciej\AppData\Local\Temp\VMBuilds\ISA_Autko\arduino_due_x_dbg\Debug/core.a(cortex_handlers.c.o)
                0x00081492                SVC_Handler
 .text.PendSV_Handler
                0x00081496        0x4 C:\Users\Maciej\AppData\Local\Temp\VMBuilds\ISA_Autko\arduino_due_x_dbg\Debug/core.a(cortex_handlers.c.o)
                0x00081496                PendSV_Handler
 .text.SysTick_Handler
                0x0008149a       0x16 C:\Users\Maciej\AppData\Local\Temp\VMBuilds\ISA_Autko\arduino_due_x_dbg\Debug/core.a(cortex_handlers.c.o)
                0x0008149a                SysTick_Handler
 .text.__empty  0x000814b0        0x2 C:\Users\Maciej\AppData\Local\Temp\VMBuilds\ISA_Autko\arduino_due_x_dbg\Debug/core.a(hooks.c.o)
                0x000814b0                yield
 .text.__false  0x000814b2        0x4 C:\Users\Maciej\AppData\Local\Temp\VMBuilds\ISA_Autko\arduino_due_x_dbg\Debug/core.a(hooks.c.o)
                0x000814b2                sysTickHook
 .text.__halt   0x000814b6        0x2 C:\Users\Maciej\AppData\Local\Temp\VMBuilds\ISA_Autko\arduino_due_x_dbg\Debug/core.a(hooks.c.o)
                0x000814b6                svcHook
                0x000814b6                pendSVHook
 .text._sbrk    0x000814b8       0x1c C:\Users\Maciej\AppData\Local\Temp\VMBuilds\ISA_Autko\arduino_due_x_dbg\Debug/core.a(syscalls_sam3.c.o)
                0x000814b8                _sbrk
 .text.link     0x000814d4        0x6 C:\Users\Maciej\AppData\Local\Temp\VMBuilds\ISA_Autko\arduino_due_x_dbg\Debug/core.a(syscalls_sam3.c.o)
                0x000814d4                link
 .text._close   0x000814da        0x6 C:\Users\Maciej\AppData\Local\Temp\VMBuilds\ISA_Autko\arduino_due_x_dbg\Debug/core.a(syscalls_sam3.c.o)
                0x000814da                _close
 .text._fstat   0x000814e0        0xa C:\Users\Maciej\AppData\Local\Temp\VMBuilds\ISA_Autko\arduino_due_x_dbg\Debug/core.a(syscalls_sam3.c.o)
                0x000814e0                _fstat
 .text._isatty  0x000814ea        0x4 C:\Users\Maciej\AppData\Local\Temp\VMBuilds\ISA_Autko\arduino_due_x_dbg\Debug/core.a(syscalls_sam3.c.o)
                0x000814ea                _isatty
 .text._lseek   0x000814ee        0x4 C:\Users\Maciej\AppData\Local\Temp\VMBuilds\ISA_Autko\arduino_due_x_dbg\Debug/core.a(syscalls_sam3.c.o)
                0x000814ee                _lseek
 .text._read    0x000814f2        0x4 C:\Users\Maciej\AppData\Local\Temp\VMBuilds\ISA_Autko\arduino_due_x_dbg\Debug/core.a(syscalls_sam3.c.o)
                0x000814f2                _read
 *fill*         0x000814f6        0x2 
 .text._write   0x000814f8       0x24 C:\Users\Maciej\AppData\Local\Temp\VMBuilds\ISA_Autko\arduino_due_x_dbg\Debug/core.a(syscalls_sam3.c.o)
                0x000814f8                _write
 .text._exit    0x0008151c        0x2 C:\Users\Maciej\AppData\Local\Temp\VMBuilds\ISA_Autko\arduino_due_x_dbg\Debug/core.a(syscalls_sam3.c.o)
                0x0008151c                _exit
 .text._kill    0x0008151e        0x2 C:\Users\Maciej\AppData\Local\Temp\VMBuilds\ISA_Autko\arduino_due_x_dbg\Debug/core.a(syscalls_sam3.c.o)
                0x0008151e                _kill
 .text._getpid  0x00081520        0x6 C:\Users\Maciej\AppData\Local\Temp\VMBuilds\ISA_Autko\arduino_due_x_dbg\Debug/core.a(syscalls_sam3.c.o)
                0x00081520                _getpid
 .text.millis   0x00081526        0x4 C:\Users\Maciej\AppData\Local\Temp\VMBuilds\ISA_Autko\arduino_due_x_dbg\Debug/core.a(wiring.c.o)
                0x00081526                millis
 .text.delay    0x0008152a       0x1c C:\Users\Maciej\AppData\Local\Temp\VMBuilds\ISA_Autko\arduino_due_x_dbg\Debug/core.a(wiring.c.o)
                0x0008152a                delay
 .text.mapResolution
                0x00081546       0x12 C:\Users\Maciej\AppData\Local\Temp\VMBuilds\ISA_Autko\arduino_due_x_dbg\Debug/core.a(wiring_analog.c.o)
 .text.analogOutputInit
                0x00081558        0x2 C:\Users\Maciej\AppData\Local\Temp\VMBuilds\ISA_Autko\arduino_due_x_dbg\Debug/core.a(wiring_analog.c.o)
                0x00081558                analogOutputInit
 *fill*         0x0008155a        0x2 
 .text.analogWrite
                0x0008155c      0x2c0 C:\Users\Maciej\AppData\Local\Temp\VMBuilds\ISA_Autko\arduino_due_x_dbg\Debug/core.a(wiring_analog.c.o)
                0x0008155c                analogWrite
 .text.pinMode  0x0008181c      0x108 C:\Users\Maciej\AppData\Local\Temp\VMBuilds\ISA_Autko\arduino_due_x_dbg\Debug/core.a(wiring_digital.c.o)
                0x0008181c                pinMode
 .text.digitalWrite
                0x00081924       0x70 C:\Users\Maciej\AppData\Local\Temp\VMBuilds\ISA_Autko\arduino_due_x_dbg\Debug/core.a(wiring_digital.c.o)
                0x00081924                digitalWrite
 .text.initVariant
                0x00081994        0x2 C:\Users\Maciej\AppData\Local\Temp\VMBuilds\ISA_Autko\arduino_due_x_dbg\Debug/core.a(main.cpp.o)
                0x00081994                initVariant
 *fill*         0x00081996        0x2 
 .text.startup.main
                0x00081998       0x38 C:\Users\Maciej\AppData\Local\Temp\VMBuilds\ISA_Autko\arduino_due_x_dbg\Debug/core.a(main.cpp.o)
                0x00081998                main
 .text._ZN5Print5writeEPKhj
                0x000819d0       0x22 C:\Users\Maciej\AppData\Local\Temp\VMBuilds\ISA_Autko\arduino_due_x_dbg\Debug/core.a(Print.cpp.o)
                0x000819d0                Print::write(unsigned char const*, unsigned int)
 .text._ZN5Print5printEmi.part.3
                0x000819f2        0xc C:\Users\Maciej\AppData\Local\Temp\VMBuilds\ISA_Autko\arduino_due_x_dbg\Debug/core.a(Print.cpp.o)
 .text._ZN5Print5writeEPKc
                0x000819fe       0x1e C:\Users\Maciej\AppData\Local\Temp\VMBuilds\ISA_Autko\arduino_due_x_dbg\Debug/core.a(Print.cpp.o)
                0x000819fe                Print::write(char const*)
 .text._ZN5Print5printEPKc
                0x00081a1c        0x8 C:\Users\Maciej\AppData\Local\Temp\VMBuilds\ISA_Autko\arduino_due_x_dbg\Debug/core.a(Print.cpp.o)
                0x00081a1c                Print::print(char const*)
 .text._ZN5Print5printEc
                0x00081a24        0xa C:\Users\Maciej\AppData\Local\Temp\VMBuilds\ISA_Autko\arduino_due_x_dbg\Debug/core.a(Print.cpp.o)
                0x00081a24                Print::print(char)
 *fill*         0x00081a2e        0x2 
 .text._ZN5Print7printlnEv
                0x00081a30       0x10 C:\Users\Maciej\AppData\Local\Temp\VMBuilds\ISA_Autko\arduino_due_x_dbg\Debug/core.a(Print.cpp.o)
                0x00081a30                Print::println()
 .text._ZN5Print7printlnEPKc
                0x00081a40       0x14 C:\Users\Maciej\AppData\Local\Temp\VMBuilds\ISA_Autko\arduino_due_x_dbg\Debug/core.a(Print.cpp.o)
                0x00081a40                Print::println(char const*)
 .text._ZN5Print11printNumberEmh
                0x00081a54       0x3e C:\Users\Maciej\AppData\Local\Temp\VMBuilds\ISA_Autko\arduino_due_x_dbg\Debug/core.a(Print.cpp.o)
                0x00081a54                Print::printNumber(unsigned long, unsigned char)
 .text._ZN5Print5printEli
                0x00081a92       0x3c C:\Users\Maciej\AppData\Local\Temp\VMBuilds\ISA_Autko\arduino_due_x_dbg\Debug/core.a(Print.cpp.o)
                0x00081a92                Print::print(long, int)
 .text._ZN5Print7printlnEii
                0x00081ace       0x14 C:\Users\Maciej\AppData\Local\Temp\VMBuilds\ISA_Autko\arduino_due_x_dbg\Debug/core.a(Print.cpp.o)
                0x00081ace                Print::println(int, int)
 .text._ZN5Print5printEmi
                0x00081ae2        0xc C:\Users\Maciej\AppData\Local\Temp\VMBuilds\ISA_Autko\arduino_due_x_dbg\Debug/core.a(Print.cpp.o)
                0x00081ae2                Print::print(unsigned long, int)
 .text._ZN5Print5printEhi
                0x00081aee        0x4 C:\Users\Maciej\AppData\Local\Temp\VMBuilds\ISA_Autko\arduino_due_x_dbg\Debug/core.a(Print.cpp.o)
                0x00081aee                Print::print(unsigned char, int)
 *fill*         0x00081af2        0x2 
 .text.initiateReset
                0x00081af4        0xc C:\Users\Maciej\AppData\Local\Temp\VMBuilds\ISA_Autko\arduino_due_x_dbg\Debug/core.a(Reset.cpp.o)
                0x00081af4                initiateReset
 .text.cancelReset
                0x00081b00       0x10 C:\Users\Maciej\AppData\Local\Temp\VMBuilds\ISA_Autko\arduino_due_x_dbg\Debug/core.a(Reset.cpp.o)
                0x00081b00                cancelReset
 .text.tickReset
                0x00081b10       0x20 C:\Users\Maciej\AppData\Local\Temp\VMBuilds\ISA_Autko\arduino_due_x_dbg\Debug/core.a(Reset.cpp.o)
                0x00081b10                tickReset
 .text._ZN10RingBufferC2Ev
                0x00081b30       0x1a C:\Users\Maciej\AppData\Local\Temp\VMBuilds\ISA_Autko\arduino_due_x_dbg\Debug/core.a(RingBuffer.cpp.o)
                0x00081b30                RingBuffer::RingBuffer()
                0x00081b30                RingBuffer::RingBuffer()
 .text._ZN10RingBuffer10store_charEh
                0x00081b4a       0x1e C:\Users\Maciej\AppData\Local\Temp\VMBuilds\ISA_Autko\arduino_due_x_dbg\Debug/core.a(RingBuffer.cpp.o)
                0x00081b4a                RingBuffer::store_char(unsigned char)
 .text._ZN9UARTClasscvbEv
                0x00081b68        0x4 C:\Users\Maciej\AppData\Local\Temp\VMBuilds\ISA_Autko\arduino_due_x_dbg\Debug/core.a(UARTClass.cpp.o)
                0x00081b68                UARTClass::operator bool()
 .text._ZN9UARTClass9availableEv
                0x00081b6c       0x12 C:\Users\Maciej\AppData\Local\Temp\VMBuilds\ISA_Autko\arduino_due_x_dbg\Debug/core.a(UARTClass.cpp.o)
                0x00081b6c                UARTClass::available()
 .text._ZN9UARTClass4peekEv
                0x00081b7e       0x1c C:\Users\Maciej\AppData\Local\Temp\VMBuilds\ISA_Autko\arduino_due_x_dbg\Debug/core.a(UARTClass.cpp.o)
                0x00081b7e                UARTClass::peek()
 .text._ZN9UARTClass4readEv
                0x00081b9a       0x2a C:\Users\Maciej\AppData\Local\Temp\VMBuilds\ISA_Autko\arduino_due_x_dbg\Debug/core.a(UARTClass.cpp.o)
                0x00081b9a                UARTClass::read()
 .text._ZN9UARTClass5flushEv
                0x00081bc4       0x18 C:\Users\Maciej\AppData\Local\Temp\VMBuilds\ISA_Autko\arduino_due_x_dbg\Debug/core.a(UARTClass.cpp.o)
                0x00081bc4                UARTClass::flush()
 .text._ZN9UARTClass5writeEh
                0x00081bdc       0x54 C:\Users\Maciej\AppData\Local\Temp\VMBuilds\ISA_Autko\arduino_due_x_dbg\Debug/core.a(UARTClass.cpp.o)
                0x00081bdc                UARTClass::write(unsigned char)
 .text._ZN9UARTClass3endEv
                0x00081c30       0x3c C:\Users\Maciej\AppData\Local\Temp\VMBuilds\ISA_Autko\arduino_due_x_dbg\Debug/core.a(UARTClass.cpp.o)
                0x00081c30                UARTClass::end()
 .text._ZN9UARTClassC2EP4Uart4IRQnmP10RingBufferS4_
                0x00081c6c       0x24 C:\Users\Maciej\AppData\Local\Temp\VMBuilds\ISA_Autko\arduino_due_x_dbg\Debug/core.a(UARTClass.cpp.o)
                0x00081c6c                UARTClass::UARTClass(Uart*, IRQn, unsigned long, RingBuffer*, RingBuffer*)
                0x00081c6c                UARTClass::UARTClass(Uart*, IRQn, unsigned long, RingBuffer*, RingBuffer*)
 .text._ZN9UARTClass4initEmm
                0x00081c90       0x70 C:\Users\Maciej\AppData\Local\Temp\VMBuilds\ISA_Autko\arduino_due_x_dbg\Debug/core.a(UARTClass.cpp.o)
                0x00081c90                UARTClass::init(unsigned long, unsigned long)
 .text._ZN9UARTClass5beginEm
                0x00081d00        0x8 C:\Users\Maciej\AppData\Local\Temp\VMBuilds\ISA_Autko\arduino_due_x_dbg\Debug/core.a(UARTClass.cpp.o)
                0x00081d00                UARTClass::begin(unsigned long)
 .text._ZN9UARTClass10IrqHandlerEv
                0x00081d08       0x5a C:\Users\Maciej\AppData\Local\Temp\VMBuilds\ISA_Autko\arduino_due_x_dbg\Debug/core.a(UARTClass.cpp.o)
                0x00081d08                UARTClass::IrqHandler()
 .text._ZN10USARTClass5beginEm
                0x00081d62        0x8 C:\Users\Maciej\AppData\Local\Temp\VMBuilds\ISA_Autko\arduino_due_x_dbg\Debug/core.a(USARTClass.cpp.o)
                0x00081d62                USARTClass::begin(unsigned long)
 *fill*         0x00081d6a        0x2 
 .text._ZN10USARTClassC2EP5Usart4IRQnmP10RingBufferS4_
                0x00081d6c       0x24 C:\Users\Maciej\AppData\Local\Temp\VMBuilds\ISA_Autko\arduino_due_x_dbg\Debug/core.a(USARTClass.cpp.o)
                0x00081d6c                USARTClass::USARTClass(Usart*, IRQn, unsigned long, RingBuffer*, RingBuffer*)
                0x00081d6c                USARTClass::USARTClass(Usart*, IRQn, unsigned long, RingBuffer*, RingBuffer*)
 .text._watchdogDefaultSetup
                0x00081d90        0xc C:\Users\Maciej\AppData\Local\Temp\VMBuilds\ISA_Autko\arduino_due_x_dbg\Debug/core.a(watchdog.cpp.o)
                0x00081d90                _watchdogDefaultSetup
                0x00081d90                watchdogSetup()
 .text.unlikely._ZL11USB_SendZlpv
                0x00081d9c       0x20 C:\Users\Maciej\AppData\Local\Temp\VMBuilds\ISA_Autko\arduino_due_x_dbg\Debug/core.a(USBCore.cpp.o)
 .text._Z14USBD_Availablem
                0x00081dbc       0x2c C:\Users\Maciej\AppData\Local\Temp\VMBuilds\ISA_Autko\arduino_due_x_dbg\Debug/core.a(USBCore.cpp.o)
                0x00081dbc                USBD_Available(unsigned long)
 .text._Z9USBD_RecvmPvm
                0x00081de8       0x7c C:\Users\Maciej\AppData\Local\Temp\VMBuilds\ISA_Autko\arduino_due_x_dbg\Debug/core.a(USBCore.cpp.o)
                0x00081de8                USBD_Recv(unsigned long, void*, unsigned long)
 .text._Z9USBD_Recvm
                0x00081e64       0x22 C:\Users\Maciej\AppData\Local\Temp\VMBuilds\ISA_Autko\arduino_due_x_dbg\Debug/core.a(USBCore.cpp.o)
                0x00081e64                USBD_Recv(unsigned long)
 *fill*         0x00081e86        0x2 
 .text._Z9USBD_SendmPKvm
                0x00081e88       0x4c C:\Users\Maciej\AppData\Local\Temp\VMBuilds\ISA_Autko\arduino_due_x_dbg\Debug/core.a(USBCore.cpp.o)
                0x00081e88                USBD_Send(unsigned long, void const*, unsigned long)
 .text._Z16USBD_SendControlhPKvm
                0x00081ed4       0x40 C:\Users\Maciej\AppData\Local\Temp\VMBuilds\ISA_Autko\arduino_due_x_dbg\Debug/core.a(USBCore.cpp.o)
                0x00081ed4                USBD_SendControl(unsigned char, void const*, unsigned long)
 .text.unlikely._ZL24USB_SendStringDescriptorPKhi
                0x00081f14       0x64 C:\Users\Maciej\AppData\Local\Temp\VMBuilds\ISA_Autko\arduino_due_x_dbg\Debug/core.a(USBCore.cpp.o)
 .text._Z16USBD_RecvControlPvm
                0x00081f78       0x1c C:\Users\Maciej\AppData\Local\Temp\VMBuilds\ISA_Autko\arduino_due_x_dbg\Debug/core.a(USBCore.cpp.o)
                0x00081f78                USBD_RecvControl(void*, unsigned long)
 .text._Z26USBD_ClassInterfaceRequestR8USBSetup
                0x00081f94       0x1e C:\Users\Maciej\AppData\Local\Temp\VMBuilds\ISA_Autko\arduino_due_x_dbg\Debug/core.a(USBCore.cpp.o)
                0x00081f94                USBD_ClassInterfaceRequest(USBSetup&)
 .text._Z19USBD_SendInterfacesv
                0x00081fb2       0x22 C:\Users\Maciej\AppData\Local\Temp\VMBuilds\ISA_Autko\arduino_due_x_dbg\Debug/core.a(USBCore.cpp.o)
                0x00081fb2                USBD_SendInterfaces()
 .text._Z24USBD_SendOtherInterfacesv
                0x00081fd4       0x22 C:\Users\Maciej\AppData\Local\Temp\VMBuilds\ISA_Autko\arduino_due_x_dbg\Debug/core.a(USBCore.cpp.o)
                0x00081fd4                USBD_SendOtherInterfaces()
 .text._Z10USBD_Flushm
                0x00081ff6       0x16 C:\Users\Maciej\AppData\Local\Temp\VMBuilds\ISA_Autko\arduino_due_x_dbg\Debug/core.a(USBCore.cpp.o)
                0x00081ff6                USBD_Flush(unsigned long)
 .text._ZN10USBDevice_C2Ev
                0x0008200c       0x24 C:\Users\Maciej\AppData\Local\Temp\VMBuilds\ISA_Autko\arduino_due_x_dbg\Debug/core.a(USBCore.cpp.o)
                0x0008200c                USBDevice_::USBDevice_()
                0x0008200c                USBDevice_::USBDevice_()
 .text._ZN10USBDevice_6attachEv
                0x00082030       0x20 C:\Users\Maciej\AppData\Local\Temp\VMBuilds\ISA_Autko\arduino_due_x_dbg\Debug/core.a(USBCore.cpp.o)
                0x00082030                USBDevice_::attach()
 .text.startup._GLOBAL__sub_I_EndPoints
                0x00082050        0xc C:\Users\Maciej\AppData\Local\Temp\VMBuilds\ISA_Autko\arduino_due_x_dbg\Debug/core.a(USBCore.cpp.o)
 .text._ZL7USB_ISRv
                0x0008205c      0x454 C:\Users\Maciej\AppData\Local\Temp\VMBuilds\ISA_Autko\arduino_due_x_dbg\Debug/core.a(USBCore.cpp.o)
 .text._ZN7Serial_9availableEv
                0x000824b0       0x18 C:\Users\Maciej\AppData\Local\Temp\VMBuilds\ISA_Autko\arduino_due_x_dbg\Debug/core.a(CDC.cpp.o)
                0x000824b0                Serial_::available()
 .text._ZN7Serial_17availableForWriteEv
                0x000824c8        0x6 C:\Users\Maciej\AppData\Local\Temp\VMBuilds\ISA_Autko\arduino_due_x_dbg\Debug/core.a(CDC.cpp.o)
                0x000824c8                Serial_::availableForWrite()
 *fill*         0x000824ce        0x2 
 .text._ZN7Serial_4peekEv
                0x000824d0       0x20 C:\Users\Maciej\AppData\Local\Temp\VMBuilds\ISA_Autko\arduino_due_x_dbg\Debug/core.a(CDC.cpp.o)
                0x000824d0                Serial_::peek()
 .text._ZN7Serial_5writeEh
                0x000824f0       0x16 C:\Users\Maciej\AppData\Local\Temp\VMBuilds\ISA_Autko\arduino_due_x_dbg\Debug/core.a(CDC.cpp.o)
                0x000824f0                Serial_::write(unsigned char)
 *fill*         0x00082506        0x2 
 .text._ZN7Serial_4readEv
                0x00082508       0x44 C:\Users\Maciej\AppData\Local\Temp\VMBuilds\ISA_Autko\arduino_due_x_dbg\Debug/core.a(CDC.cpp.o)
                0x00082508                Serial_::read()
 .text._ZN7Serial_5flushEv
                0x0008254c        0x6 C:\Users\Maciej\AppData\Local\Temp\VMBuilds\ISA_Autko\arduino_due_x_dbg\Debug/core.a(CDC.cpp.o)
                0x0008254c                Serial_::flush()
 *fill*         0x00082552        0x2 
 .text._ZN7Serial_6acceptEv
                0x00082554       0x70 C:\Users\Maciej\AppData\Local\Temp\VMBuilds\ISA_Autko\arduino_due_x_dbg\Debug/core.a(CDC.cpp.o)
                0x00082554                Serial_::accept()
 .text._ZN7Serial_5writeEPKhj
                0x000825c4       0x2c C:\Users\Maciej\AppData\Local\Temp\VMBuilds\ISA_Autko\arduino_due_x_dbg\Debug/core.a(CDC.cpp.o)
                0x000825c4                Serial_::write(unsigned char const*, unsigned int)
 .text._Z16CDC_GetInterfacePh
                0x000825f0       0x14 C:\Users\Maciej\AppData\Local\Temp\VMBuilds\ISA_Autko\arduino_due_x_dbg\Debug/core.a(CDC.cpp.o)
                0x000825f0                CDC_GetInterface(unsigned char*)
 .text._Z21CDC_GetOtherInterfacePh
                0x00082604       0x14 C:\Users\Maciej\AppData\Local\Temp\VMBuilds\ISA_Autko\arduino_due_x_dbg\Debug/core.a(CDC.cpp.o)
                0x00082604                CDC_GetOtherInterface(unsigned char*)
 .text._Z9CDC_SetupR8USBSetup
                0x00082618       0x78 C:\Users\Maciej\AppData\Local\Temp\VMBuilds\ISA_Autko\arduino_due_x_dbg\Debug/core.a(CDC.cpp.o)
                0x00082618                CDC_Setup(USBSetup&)
 .text.startup._GLOBAL__sub_I_cdc_rx_buffer
                0x00082690       0x1c C:\Users\Maciej\AppData\Local\Temp\VMBuilds\ISA_Autko\arduino_due_x_dbg\Debug/core.a(CDC.cpp.o)
 .text._ZN13PluggableUSB_12getInterfaceEPh
                0x000826ac       0x28 C:\Users\Maciej\AppData\Local\Temp\VMBuilds\ISA_Autko\arduino_due_x_dbg\Debug/core.a(PluggableUSB.cpp.o)
                0x000826ac                PluggableUSB_::getInterface(unsigned char*)
 .text._ZN13PluggableUSB_13getDescriptorER8USBSetup
                0x000826d4       0x1c C:\Users\Maciej\AppData\Local\Temp\VMBuilds\ISA_Autko\arduino_due_x_dbg\Debug/core.a(PluggableUSB.cpp.o)
                0x000826d4                PluggableUSB_::getDescriptor(USBSetup&)
 .text._ZN13PluggableUSB_12getShortNameEPc
                0x000826f0       0x1c C:\Users\Maciej\AppData\Local\Temp\VMBuilds\ISA_Autko\arduino_due_x_dbg\Debug/core.a(PluggableUSB.cpp.o)
                0x000826f0                PluggableUSB_::getShortName(char*)
 .text._ZN13PluggableUSB_5setupER8USBSetup
                0x0008270c       0x20 C:\Users\Maciej\AppData\Local\Temp\VMBuilds\ISA_Autko\arduino_due_x_dbg\Debug/core.a(PluggableUSB.cpp.o)
                0x0008270c                PluggableUSB_::setup(USBSetup&)
 .text._Z12PluggableUSBv
                0x0008272c       0x28 C:\Users\Maciej\AppData\Local\Temp\VMBuilds\ISA_Autko\arduino_due_x_dbg\Debug/core.a(PluggableUSB.cpp.o)
                0x0008272c                PluggableUSB()
 .text.FindClockConfiguration
                0x00082754       0x7c C:\Users\Maciej\AppData\Local\arduino15\packages\arduino\hardware\sam\1.6.12\variants\arduino_due_x/libsam_sam3x8e_gcc_rel.a(pwmc.o)
 .text.PWMC_ConfigureChannel
                0x000827d0       0x60 C:\Users\Maciej\AppData\Local\arduino15\packages\arduino\hardware\sam\1.6.12\variants\arduino_due_x/libsam_sam3x8e_gcc_rel.a(pwmc.o)
                0x000827d0                PWMC_ConfigureChannel
 .text.PWMC_ConfigureClocks
                0x00082830       0x54 C:\Users\Maciej\AppData\Local\arduino15\packages\arduino\hardware\sam\1.6.12\variants\arduino_due_x/libsam_sam3x8e_gcc_rel.a(pwmc.o)
                0x00082830                PWMC_ConfigureClocks
 .text.PWMC_SetPeriod
                0x00082884       0x1a C:\Users\Maciej\AppData\Local\arduino15\packages\arduino\hardware\sam\1.6.12\variants\arduino_due_x/libsam_sam3x8e_gcc_rel.a(pwmc.o)
                0x00082884                PWMC_SetPeriod
 *fill*         0x0008289e        0x2 
 .text.PWMC_SetDutyCycle
                0x000828a0       0x44 C:\Users\Maciej\AppData\Local\arduino15\packages\arduino\hardware\sam\1.6.12\variants\arduino_due_x/libsam_sam3x8e_gcc_rel.a(pwmc.o)
                0x000828a0                PWMC_SetDutyCycle
 .text.PWMC_EnableChannel
                0x000828e4        0xa C:\Users\Maciej\AppData\Local\arduino15\packages\arduino\hardware\sam\1.6.12\variants\arduino_due_x/libsam_sam3x8e_gcc_rel.a(pwmc.o)
                0x000828e4                PWMC_EnableChannel
 *fill*         0x000828ee        0x2 
 .text.TC_Configure
                0x000828f0       0x38 C:\Users\Maciej\AppData\Local\arduino15\packages\arduino\hardware\sam\1.6.12\variants\arduino_due_x/libsam_sam3x8e_gcc_rel.a(tc.o)
                0x000828f0                TC_Configure
 .text.TC_Start
                0x00082928       0x2c C:\Users\Maciej\AppData\Local\arduino15\packages\arduino\hardware\sam\1.6.12\variants\arduino_due_x/libsam_sam3x8e_gcc_rel.a(tc.o)
                0x00082928                TC_Start
 .text.TC_SetRA
                0x00082954        0x8 C:\Users\Maciej\AppData\Local\arduino15\packages\arduino\hardware\sam\1.6.12\variants\arduino_due_x/libsam_sam3x8e_gcc_rel.a(tc.o)
                0x00082954                TC_SetRA
 .text.TC_SetRB
                0x0008295c        0x8 C:\Users\Maciej\AppData\Local\arduino15\packages\arduino\hardware\sam\1.6.12\variants\arduino_due_x/libsam_sam3x8e_gcc_rel.a(tc.o)
                0x0008295c                TC_SetRB
 .text.TC_SetRC
                0x00082964        0x8 C:\Users\Maciej\AppData\Local\arduino15\packages\arduino\hardware\sam\1.6.12\variants\arduino_due_x/libsam_sam3x8e_gcc_rel.a(tc.o)
                0x00082964                TC_SetRC
 .text.TimeTick_Increment
                0x0008296c       0x10 C:\Users\Maciej\AppData\Local\arduino15\packages\arduino\hardware\sam\1.6.12\variants\arduino_due_x/libsam_sam3x8e_gcc_rel.a(timetick.o)
                0x0008296c                TimeTick_Increment
 .text.GetTickCount
                0x0008297c        0xc C:\Users\Maciej\AppData\Local\arduino15\packages\arduino\hardware\sam\1.6.12\variants\arduino_due_x/libsam_sam3x8e_gcc_rel.a(timetick.o)
                0x0008297c                GetTickCount
 .text.WDT_Disable
                0x00082988        0x8 C:\Users\Maciej\AppData\Local\arduino15\packages\arduino\hardware\sam\1.6.12\variants\arduino_due_x/libsam_sam3x8e_gcc_rel.a(wdt.o)
                0x00082988                WDT_Disable
 .text.UDD_SetStack
                0x00082990        0xc C:\Users\Maciej\AppData\Local\arduino15\packages\arduino\hardware\sam\1.6.12\variants\arduino_due_x/libsam_sam3x8e_gcc_rel.a(uotghs_device.o)
                0x00082990                UDD_SetStack
 .text.UDD_Init
                0x0008299c       0xd0 C:\Users\Maciej\AppData\Local\arduino15\packages\arduino\hardware\sam\1.6.12\variants\arduino_due_x/libsam_sam3x8e_gcc_rel.a(uotghs_device.o)
                0x0008299c                UDD_Init
 .text.UDD_Attach
                0x00082a6c       0x50 C:\Users\Maciej\AppData\Local\arduino15\packages\arduino\hardware\sam\1.6.12\variants\arduino_due_x/libsam_sam3x8e_gcc_rel.a(uotghs_device.o)
                0x00082a6c                UDD_Attach
 .text.UDD_InitEP
                0x00082abc       0x2c C:\Users\Maciej\AppData\Local\arduino15\packages\arduino\hardware\sam\1.6.12\variants\arduino_due_x/libsam_sam3x8e_gcc_rel.a(uotghs_device.o)
                0x00082abc                UDD_InitEP
 .text.UDD_InitEndpoints
                0x00082ae8       0x3c C:\Users\Maciej\AppData\Local\arduino15\packages\arduino\hardware\sam\1.6.12\variants\arduino_due_x/libsam_sam3x8e_gcc_rel.a(uotghs_device.o)
                0x00082ae8                UDD_InitEndpoints
 .text.UDD_WaitIN
                0x00082b24       0x10 C:\Users\Maciej\AppData\Local\arduino15\packages\arduino\hardware\sam\1.6.12\variants\arduino_due_x/libsam_sam3x8e_gcc_rel.a(uotghs_device.o)
                0x00082b24                UDD_WaitIN
 .text.UDD_WaitOUT
                0x00082b34       0x10 C:\Users\Maciej\AppData\Local\arduino15\packages\arduino\hardware\sam\1.6.12\variants\arduino_due_x/libsam_sam3x8e_gcc_rel.a(uotghs_device.o)
                0x00082b34                UDD_WaitOUT
 .text.UDD_ClearIN
                0x00082b44       0x18 C:\Users\Maciej\AppData\Local\arduino15\packages\arduino\hardware\sam\1.6.12\variants\arduino_due_x/libsam_sam3x8e_gcc_rel.a(uotghs_device.o)
                0x00082b44                UDD_ClearIN
 .text.UDD_ClearOUT
                0x00082b5c       0x18 C:\Users\Maciej\AppData\Local\arduino15\packages\arduino\hardware\sam\1.6.12\variants\arduino_due_x/libsam_sam3x8e_gcc_rel.a(uotghs_device.o)
                0x00082b5c                UDD_ClearOUT
 .text.UDD_ReceivedSetupInt
                0x00082b74       0x10 C:\Users\Maciej\AppData\Local\arduino15\packages\arduino\hardware\sam\1.6.12\variants\arduino_due_x/libsam_sam3x8e_gcc_rel.a(uotghs_device.o)
                0x00082b74                UDD_ReceivedSetupInt
 .text.UDD_ClearSetupInt
                0x00082b84       0x10 C:\Users\Maciej\AppData\Local\arduino15\packages\arduino\hardware\sam\1.6.12\variants\arduino_due_x/libsam_sam3x8e_gcc_rel.a(uotghs_device.o)
                0x00082b84                UDD_ClearSetupInt
 .text.UDD_Send
                0x00082b94       0x88 C:\Users\Maciej\AppData\Local\arduino15\packages\arduino\hardware\sam\1.6.12\variants\arduino_due_x/libsam_sam3x8e_gcc_rel.a(uotghs_device.o)
                0x00082b94                UDD_Send
 .text.UDD_Send8
                0x00082c1c       0x24 C:\Users\Maciej\AppData\Local\arduino15\packages\arduino\hardware\sam\1.6.12\variants\arduino_due_x/libsam_sam3x8e_gcc_rel.a(uotghs_device.o)
                0x00082c1c                UDD_Send8
 .text.UDD_Recv8
                0x00082c40       0x28 C:\Users\Maciej\AppData\Local\arduino15\packages\arduino\hardware\sam\1.6.12\variants\arduino_due_x/libsam_sam3x8e_gcc_rel.a(uotghs_device.o)
                0x00082c40                UDD_Recv8
 .text.UDD_Recv
                0x00082c68       0x34 C:\Users\Maciej\AppData\Local\arduino15\packages\arduino\hardware\sam\1.6.12\variants\arduino_due_x/libsam_sam3x8e_gcc_rel.a(uotghs_device.o)
                0x00082c68                UDD_Recv
 .text.UDD_Stall
                0x00082c9c       0x14 C:\Users\Maciej\AppData\Local\arduino15\packages\arduino\hardware\sam\1.6.12\variants\arduino_due_x/libsam_sam3x8e_gcc_rel.a(uotghs_device.o)
                0x00082c9c                UDD_Stall
 .text.UDD_FifoByteCount
                0x00082cb0       0x14 C:\Users\Maciej\AppData\Local\arduino15\packages\arduino\hardware\sam\1.6.12\variants\arduino_due_x/libsam_sam3x8e_gcc_rel.a(uotghs_device.o)
                0x00082cb0                UDD_FifoByteCount
 .text.UDD_ReleaseRX
                0x00082cc4       0x28 C:\Users\Maciej\AppData\Local\arduino15\packages\arduino\hardware\sam\1.6.12\variants\arduino_due_x/libsam_sam3x8e_gcc_rel.a(uotghs_device.o)
                0x00082cc4                UDD_ReleaseRX
 .text.UDD_ReleaseTX
                0x00082cec       0x28 C:\Users\Maciej\AppData\Local\arduino15\packages\arduino\hardware\sam\1.6.12\variants\arduino_due_x/libsam_sam3x8e_gcc_rel.a(uotghs_device.o)
                0x00082cec                UDD_ReleaseTX
 .text.UDD_SetAddress
                0x00082d14       0x20 C:\Users\Maciej\AppData\Local\arduino15\packages\arduino\hardware\sam\1.6.12\variants\arduino_due_x/libsam_sam3x8e_gcc_rel.a(uotghs_device.o)
                0x00082d14                UDD_SetAddress
 .text.dacc_reset
                0x00082d34        0x6 C:\Users\Maciej\AppData\Local\arduino15\packages\arduino\hardware\sam\1.6.12\variants\arduino_due_x/libsam_sam3x8e_gcc_rel.a(dacc.o)
                0x00082d34                dacc_reset
 .text.dacc_set_transfer_mode
                0x00082d3a       0x14 C:\Users\Maciej\AppData\Local\arduino15\packages\arduino\hardware\sam\1.6.12\variants\arduino_due_x/libsam_sam3x8e_gcc_rel.a(dacc.o)
                0x00082d3a                dacc_set_transfer_mode
 .text.dacc_get_interrupt_status
                0x00082d4e        0x4 C:\Users\Maciej\AppData\Local\arduino15\packages\arduino\hardware\sam\1.6.12\variants\arduino_due_x/libsam_sam3x8e_gcc_rel.a(dacc.o)
                0x00082d4e                dacc_get_interrupt_status
 .text.dacc_write_conversion_data
                0x00082d52        0x4 C:\Users\Maciej\AppData\Local\arduino15\packages\arduino\hardware\sam\1.6.12\variants\arduino_due_x/libsam_sam3x8e_gcc_rel.a(dacc.o)
                0x00082d52                dacc_write_conversion_data
 .text.dacc_set_channel_selection
                0x00082d56       0x18 C:\Users\Maciej\AppData\Local\arduino15\packages\arduino\hardware\sam\1.6.12\variants\arduino_due_x/libsam_sam3x8e_gcc_rel.a(dacc.o)
                0x00082d56                dacc_set_channel_selection
 .text.dacc_set_power_save
                0x00082d6e       0x24 C:\Users\Maciej\AppData\Local\arduino15\packages\arduino\hardware\sam\1.6.12\variants\arduino_due_x/libsam_sam3x8e_gcc_rel.a(dacc.o)
                0x00082d6e                dacc_set_power_save
 .text.dacc_set_timing
                0x00082d92       0x2c C:\Users\Maciej\AppData\Local\arduino15\packages\arduino\hardware\sam\1.6.12\variants\arduino_due_x/libsam_sam3x8e_gcc_rel.a(dacc.o)
                0x00082d92                dacc_set_timing
 .text.dacc_enable_channel
                0x00082dbe       0x12 C:\Users\Maciej\AppData\Local\arduino15\packages\arduino\hardware\sam\1.6.12\variants\arduino_due_x/libsam_sam3x8e_gcc_rel.a(dacc.o)
                0x00082dbe                dacc_enable_channel
 .text.dacc_get_channel_status
                0x00082dd0        0x4 C:\Users\Maciej\AppData\Local\arduino15\packages\arduino\hardware\sam\1.6.12\variants\arduino_due_x/libsam_sam3x8e_gcc_rel.a(dacc.o)
                0x00082dd0                dacc_get_channel_status
 .text.dacc_set_analog_control
                0x00082dd4        0x8 C:\Users\Maciej\AppData\Local\arduino15\packages\arduino\hardware\sam\1.6.12\variants\arduino_due_x/libsam_sam3x8e_gcc_rel.a(dacc.o)
                0x00082dd4                dacc_set_analog_control
 .text.__assert_func
                0x00082ddc       0x3c c:/users/maciej/appdata/local/arduino15/packages/arduino/tools/arm-none-eabi-gcc/4.8.3-2014q1/bin/../lib/gcc/arm-none-eabi/4.8.3/../../../../arm-none-eabi/lib/armv7-m\libc.a(lib_a-assert.o)
                0x00082ddc                __assert_func
 .text.fiprintf
                0x00082e18       0x28 c:/users/maciej/appdata/local/arduino15/packages/arduino/tools/arm-none-eabi-gcc/4.8.3-2014q1/bin/../lib/gcc/arm-none-eabi/4.8.3/../../../../arm-none-eabi/lib/armv7-m\libc.a(lib_a-fiprintf.o)
                0x00082e18                fiprintf
 .text.__libc_init_array
                0x00082e40       0x50 c:/users/maciej/appdata/local/arduino15/packages/arduino/tools/arm-none-eabi-gcc/4.8.3-2014q1/bin/../lib/gcc/arm-none-eabi/4.8.3/../../../../arm-none-eabi/lib/armv7-m\libc.a(lib_a-init.o)
                0x00082e40                __libc_init_array
 .text.memset   0x00082e90       0x94 c:/users/maciej/appdata/local/arduino15/packages/arduino/tools/arm-none-eabi-gcc/4.8.3-2014q1/bin/../lib/gcc/arm-none-eabi/4.8.3/../../../../arm-none-eabi/lib/armv7-m\libc.a(lib_a-memset.o)
                0x00082e90                memset
 .text.strlen   0x00082f24       0x60 c:/users/maciej/appdata/local/arduino15/packages/arduino/tools/arm-none-eabi-gcc/4.8.3-2014q1/bin/../lib/gcc/arm-none-eabi/4.8.3/../../../../arm-none-eabi/lib/armv7-m\libc.a(lib_a-strlen.o)
                0x00082f24                strlen
 .text.kill     0x00082f84       0x10 c:/users/maciej/appdata/local/arduino15/packages/arduino/tools/arm-none-eabi-gcc/4.8.3-2014q1/bin/../lib/gcc/arm-none-eabi/4.8.3/../../../../arm-none-eabi/lib/armv7-m\libc.a(lib_a-syskill.o)
                0x00082f84                kill
 .text.__sprint_r.part.0
                0x00082f94       0x78 c:/users/maciej/appdata/local/arduino15/packages/arduino/tools/arm-none-eabi-gcc/4.8.3-2014q1/bin/../lib/gcc/arm-none-eabi/4.8.3/../../../../arm-none-eabi/lib/armv7-m\libc.a(lib_a-vfiprintf.o)
 .text._vfiprintf_r
                0x0008300c      0xc54 c:/users/maciej/appdata/local/arduino15/packages/arduino/tools/arm-none-eabi-gcc/4.8.3-2014q1/bin/../lib/gcc/arm-none-eabi/4.8.3/../../../../arm-none-eabi/lib/armv7-m\libc.a(lib_a-vfiprintf.o)
                0x0008300c                _vfiprintf_r
 .text.__sbprintf
                0x00083c60       0x7c c:/users/maciej/appdata/local/arduino15/packages/arduino/tools/arm-none-eabi-gcc/4.8.3-2014q1/bin/../lib/gcc/arm-none-eabi/4.8.3/../../../../arm-none-eabi/lib/armv7-m\libc.a(lib_a-vfiprintf.o)
 .text.__swsetup_r
                0x00083cdc       0xc4 c:/users/maciej/appdata/local/arduino15/packages/arduino/tools/arm-none-eabi-gcc/4.8.3-2014q1/bin/../lib/gcc/arm-none-eabi/4.8.3/../../../../arm-none-eabi/lib/armv7-m\libc.a(lib_a-wsetup.o)
                0x00083cdc                __swsetup_r
 .text.startup.register_fini
                0x00083da0       0x14 c:/users/maciej/appdata/local/arduino15/packages/arduino/tools/arm-none-eabi-gcc/4.8.3-2014q1/bin/../lib/gcc/arm-none-eabi/4.8.3/../../../../arm-none-eabi/lib/armv7-m\libc.a(lib_a-__call_atexit.o)
 .text.abort    0x00083db4       0x10 c:/users/maciej/appdata/local/arduino15/packages/arduino/tools/arm-none-eabi-gcc/4.8.3-2014q1/bin/../lib/gcc/arm-none-eabi/4.8.3/../../../../arm-none-eabi/lib/armv7-m\libc.a(lib_a-abort.o)
                0x00083db4                abort
 .text.atexit   0x00083dc4        0xc c:/users/maciej/appdata/local/arduino15/packages/arduino/tools/arm-none-eabi-gcc/4.8.3-2014q1/bin/../lib/gcc/arm-none-eabi/4.8.3/../../../../arm-none-eabi/lib/armv7-m\libc.a(lib_a-atexit.o)
                0x00083dc4                atexit
 .text.__sflush_r
                0x00083dd0      0x148 c:/users/maciej/appdata/local/arduino15/packages/arduino/tools/arm-none-eabi-gcc/4.8.3-2014q1/bin/../lib/gcc/arm-none-eabi/4.8.3/../../../../arm-none-eabi/lib/armv7-m\libc.a(lib_a-fflush.o)
                0x00083dd0                __sflush_r
 .text._fflush_r
                0x00083f18       0x2c c:/users/maciej/appdata/local/arduino15/packages/arduino/tools/arm-none-eabi-gcc/4.8.3-2014q1/bin/../lib/gcc/arm-none-eabi/4.8.3/../../../../arm-none-eabi/lib/armv7-m\libc.a(lib_a-fflush.o)
                0x00083f18                _fflush_r
 .text._cleanup_r
                0x00083f44        0xc c:/users/maciej/appdata/local/arduino15/packages/arduino/tools/arm-none-eabi-gcc/4.8.3-2014q1/bin/../lib/gcc/arm-none-eabi/4.8.3/../../../../arm-none-eabi/lib/armv7-m\libc.a(lib_a-findfp.o)
                0x00083f44                _cleanup_r
 .text.__sinit  0x00083f50       0xf4 c:/users/maciej/appdata/local/arduino15/packages/arduino/tools/arm-none-eabi-gcc/4.8.3-2014q1/bin/../lib/gcc/arm-none-eabi/4.8.3/../../../../arm-none-eabi/lib/armv7-m\libc.a(lib_a-findfp.o)
                0x00083f50                __sinit
 .text.__sfp_lock_acquire
                0x00084044        0x4 c:/users/maciej/appdata/local/arduino15/packages/arduino/tools/arm-none-eabi-gcc/4.8.3-2014q1/bin/../lib/gcc/arm-none-eabi/4.8.3/../../../../arm-none-eabi/lib/armv7-m\libc.a(lib_a-findfp.o)
                0x00084044                __sfp_lock_acquire
 .text.__sfp_lock_release
                0x00084048        0x4 c:/users/maciej/appdata/local/arduino15/packages/arduino/tools/arm-none-eabi-gcc/4.8.3-2014q1/bin/../lib/gcc/arm-none-eabi/4.8.3/../../../../arm-none-eabi/lib/armv7-m\libc.a(lib_a-findfp.o)
                0x00084048                __sfp_lock_release
 .text.__libc_fini_array
                0x0008404c       0x30 c:/users/maciej/appdata/local/arduino15/packages/arduino/tools/arm-none-eabi-gcc/4.8.3-2014q1/bin/../lib/gcc/arm-none-eabi/4.8.3/../../../../arm-none-eabi/lib/armv7-m\libc.a(lib_a-fini.o)
                0x0008404c                __libc_fini_array
 .text._fputwc_r
                0x0008407c       0xc0 c:/users/maciej/appdata/local/arduino15/packages/arduino/tools/arm-none-eabi-gcc/4.8.3-2014q1/bin/../lib/gcc/arm-none-eabi/4.8.3/../../../../arm-none-eabi/lib/armv7-m\libc.a(lib_a-fputwc.o)
                0x0008407c                _fputwc_r
 .text._malloc_trim_r
                0x0008413c       0x9c c:/users/maciej/appdata/local/arduino15/packages/arduino/tools/arm-none-eabi-gcc/4.8.3-2014q1/bin/../lib/gcc/arm-none-eabi/4.8.3/../../../../arm-none-eabi/lib/armv7-m\libc.a(lib_a-freer.o)
                0x0008413c                _malloc_trim_r
 .text._free_r  0x000841d8      0x198 c:/users/maciej/appdata/local/arduino15/packages/arduino/tools/arm-none-eabi-gcc/4.8.3-2014q1/bin/../lib/gcc/arm-none-eabi/4.8.3/../../../../arm-none-eabi/lib/armv7-m\libc.a(lib_a-freer.o)
                0x000841d8                _free_r
 .text.__sfvwrite_r
                0x00084370      0x314 c:/users/maciej/appdata/local/arduino15/packages/arduino/tools/arm-none-eabi-gcc/4.8.3-2014q1/bin/../lib/gcc/arm-none-eabi/4.8.3/../../../../arm-none-eabi/lib/armv7-m\libc.a(lib_a-fvwrite.o)
                0x00084370                __sfvwrite_r
 .text._fwalk   0x00084684       0x48 c:/users/maciej/appdata/local/arduino15/packages/arduino/tools/arm-none-eabi-gcc/4.8.3-2014q1/bin/../lib/gcc/arm-none-eabi/4.8.3/../../../../arm-none-eabi/lib/armv7-m\libc.a(lib_a-fwalk.o)
                0x00084684                _fwalk
 .text.__locale_charset
                0x000846cc        0x8 c:/users/maciej/appdata/local/arduino15/packages/arduino/tools/arm-none-eabi-gcc/4.8.3-2014q1/bin/../lib/gcc/arm-none-eabi/4.8.3/../../../../arm-none-eabi/lib/armv7-m\libc.a(lib_a-locale.o)
                0x000846cc                __locale_charset
 .text.__locale_mb_cur_max
                0x000846d4        0xc c:/users/maciej/appdata/local/arduino15/packages/arduino/tools/arm-none-eabi-gcc/4.8.3-2014q1/bin/../lib/gcc/arm-none-eabi/4.8.3/../../../../arm-none-eabi/lib/armv7-m\libc.a(lib_a-locale.o)
                0x000846d4                __locale_mb_cur_max
 .text.__smakebuf_r
                0x000846e0       0xe0 c:/users/maciej/appdata/local/arduino15/packages/arduino/tools/arm-none-eabi-gcc/4.8.3-2014q1/bin/../lib/gcc/arm-none-eabi/4.8.3/../../../../arm-none-eabi/lib/armv7-m\libc.a(lib_a-makebuf.o)
                0x000846e0                __smakebuf_r
 .text._malloc_r
                0x000847c0      0x538 c:/users/maciej/appdata/local/arduino15/packages/arduino/tools/arm-none-eabi-gcc/4.8.3-2014q1/bin/../lib/gcc/arm-none-eabi/4.8.3/../../../../arm-none-eabi/lib/armv7-m\libc.a(lib_a-mallocr.o)
                0x000847c0                _malloc_r
 .text.memchr   0x00084cf8       0x94 c:/users/maciej/appdata/local/arduino15/packages/arduino/tools/arm-none-eabi-gcc/4.8.3-2014q1/bin/../lib/gcc/arm-none-eabi/4.8.3/../../../../arm-none-eabi/lib/armv7-m\libc.a(lib_a-memchr-stub.o)
                0x00084cf8                memchr
 .text          0x00084d8c       0xec c:/users/maciej/appdata/local/arduino15/packages/arduino/tools/arm-none-eabi-gcc/4.8.3-2014q1/bin/../lib/gcc/arm-none-eabi/4.8.3/../../../../arm-none-eabi/lib/armv7-m\libc.a(lib_a-memcpy.o)
                0x00084d8c                memcpy
 .text.memmove  0x00084e78       0xcc c:/users/maciej/appdata/local/arduino15/packages/arduino/tools/arm-none-eabi-gcc/4.8.3-2014q1/bin/../lib/gcc/arm-none-eabi/4.8.3/../../../../arm-none-eabi/lib/armv7-m\libc.a(lib_a-memmove.o)
                0x00084e78                memmove
 .text.__malloc_lock
                0x00084f44        0x4 c:/users/maciej/appdata/local/arduino15/packages/arduino/tools/arm-none-eabi-gcc/4.8.3-2014q1/bin/../lib/gcc/arm-none-eabi/4.8.3/../../../../arm-none-eabi/lib/armv7-m\libc.a(lib_a-mlock.o)
                0x00084f44                __malloc_lock
 .text.__malloc_unlock
                0x00084f48        0x4 c:/users/maciej/appdata/local/arduino15/packages/arduino/tools/arm-none-eabi-gcc/4.8.3-2014q1/bin/../lib/gcc/arm-none-eabi/4.8.3/../../../../arm-none-eabi/lib/armv7-m\libc.a(lib_a-mlock.o)
                0x00084f48                __malloc_unlock
 .text._realloc_r
                0x00084f4c      0x3c0 c:/users/maciej/appdata/local/arduino15/packages/arduino/tools/arm-none-eabi-gcc/4.8.3-2014q1/bin/../lib/gcc/arm-none-eabi/4.8.3/../../../../arm-none-eabi/lib/armv7-m\libc.a(lib_a-reallocr.o)
                0x00084f4c                _realloc_r
 .text._sbrk_r  0x0008530c       0x24 c:/users/maciej/appdata/local/arduino15/packages/arduino/tools/arm-none-eabi-gcc/4.8.3-2014q1/bin/../lib/gcc/arm-none-eabi/4.8.3/../../../../arm-none-eabi/lib/armv7-m\libc.a(lib_a-sbrkr.o)
                0x0008530c                _sbrk_r
 .text._raise_r
                0x00085330       0x58 c:/users/maciej/appdata/local/arduino15/packages/arduino/tools/arm-none-eabi-gcc/4.8.3-2014q1/bin/../lib/gcc/arm-none-eabi/4.8.3/../../../../arm-none-eabi/lib/armv7-m\libc.a(lib_a-signal.o)
                0x00085330                _raise_r
 .text.raise    0x00085388       0x10 c:/users/maciej/appdata/local/arduino15/packages/arduino/tools/arm-none-eabi-gcc/4.8.3-2014q1/bin/../lib/gcc/arm-none-eabi/4.8.3/../../../../arm-none-eabi/lib/armv7-m\libc.a(lib_a-signal.o)
                0x00085388                raise
 .text._kill_r  0x00085398       0x28 c:/users/maciej/appdata/local/arduino15/packages/arduino/tools/arm-none-eabi-gcc/4.8.3-2014q1/bin/../lib/gcc/arm-none-eabi/4.8.3/../../../../arm-none-eabi/lib/armv7-m\libc.a(lib_a-signalr.o)
                0x00085398                _kill_r
 .text._getpid_r
                0x000853c0        0x4 c:/users/maciej/appdata/local/arduino15/packages/arduino/tools/arm-none-eabi-gcc/4.8.3-2014q1/bin/../lib/gcc/arm-none-eabi/4.8.3/../../../../arm-none-eabi/lib/armv7-m\libc.a(lib_a-signalr.o)
                0x000853c0                _getpid_r
 .text.__sread  0x000853c4       0x24 c:/users/maciej/appdata/local/arduino15/packages/arduino/tools/arm-none-eabi-gcc/4.8.3-2014q1/bin/../lib/gcc/arm-none-eabi/4.8.3/../../../../arm-none-eabi/lib/armv7-m\libc.a(lib_a-stdio.o)
                0x000853c4                __sread
 .text.__swrite
                0x000853e8       0x38 c:/users/maciej/appdata/local/arduino15/packages/arduino/tools/arm-none-eabi-gcc/4.8.3-2014q1/bin/../lib/gcc/arm-none-eabi/4.8.3/../../../../arm-none-eabi/lib/armv7-m\libc.a(lib_a-stdio.o)
                0x000853e8                __swrite
 .text.__sseek  0x00085420       0x20 c:/users/maciej/appdata/local/arduino15/packages/arduino/tools/arm-none-eabi-gcc/4.8.3-2014q1/bin/../lib/gcc/arm-none-eabi/4.8.3/../../../../arm-none-eabi/lib/armv7-m\libc.a(lib_a-stdio.o)
                0x00085420                __sseek
 .text.__sclose
                0x00085440        0x8 c:/users/maciej/appdata/local/arduino15/packages/arduino/tools/arm-none-eabi-gcc/4.8.3-2014q1/bin/../lib/gcc/arm-none-eabi/4.8.3/../../../../arm-none-eabi/lib/armv7-m\libc.a(lib_a-stdio.o)
                0x00085440                __sclose
 .text.__swbuf_r
                0x00085448       0xa8 c:/users/maciej/appdata/local/arduino15/packages/arduino/tools/arm-none-eabi-gcc/4.8.3-2014q1/bin/../lib/gcc/arm-none-eabi/4.8.3/../../../../arm-none-eabi/lib/armv7-m\libc.a(lib_a-wbuf.o)
                0x00085448                __swbuf_r
 .text._wcrtomb_r
                0x000854f0       0x50 c:/users/maciej/appdata/local/arduino15/packages/arduino/tools/arm-none-eabi-gcc/4.8.3-2014q1/bin/../lib/gcc/arm-none-eabi/4.8.3/../../../../arm-none-eabi/lib/armv7-m\libc.a(lib_a-wcrtomb.o)
                0x000854f0                _wcrtomb_r
 .text.__ascii_wctomb
                0x00085540       0x1c c:/users/maciej/appdata/local/arduino15/packages/arduino/tools/arm-none-eabi-gcc/4.8.3-2014q1/bin/../lib/gcc/arm-none-eabi/4.8.3/../../../../arm-none-eabi/lib/armv7-m\libc.a(lib_a-wctomb_r.o)
                0x00085540                __ascii_wctomb
 .text._write_r
                0x0008555c       0x28 c:/users/maciej/appdata/local/arduino15/packages/arduino/tools/arm-none-eabi-gcc/4.8.3-2014q1/bin/../lib/gcc/arm-none-eabi/4.8.3/../../../../arm-none-eabi/lib/armv7-m\libc.a(lib_a-writer.o)
                0x0008555c                _write_r
 .text.__register_exitproc
                0x00085584       0xa8 c:/users/maciej/appdata/local/arduino15/packages/arduino/tools/arm-none-eabi-gcc/4.8.3-2014q1/bin/../lib/gcc/arm-none-eabi/4.8.3/../../../../arm-none-eabi/lib/armv7-m\libc.a(lib_a-__atexit.o)
                0x00085584                __register_exitproc
 .text._close_r
                0x0008562c       0x24 c:/users/maciej/appdata/local/arduino15/packages/arduino/tools/arm-none-eabi-gcc/4.8.3-2014q1/bin/../lib/gcc/arm-none-eabi/4.8.3/../../../../arm-none-eabi/lib/armv7-m\libc.a(lib_a-closer.o)
                0x0008562c                _close_r
 .text._fclose_r
                0x00085650       0x80 c:/users/maciej/appdata/local/arduino15/packages/arduino/tools/arm-none-eabi-gcc/4.8.3-2014q1/bin/../lib/gcc/arm-none-eabi/4.8.3/../../../../arm-none-eabi/lib/armv7-m\libc.a(lib_a-fclose.o)
                0x00085650                _fclose_r
 .text.fclose   0x000856d0       0x10 c:/users/maciej/appdata/local/arduino15/packages/arduino/tools/arm-none-eabi-gcc/4.8.3-2014q1/bin/../lib/gcc/arm-none-eabi/4.8.3/../../../../arm-none-eabi/lib/armv7-m\libc.a(lib_a-fclose.o)
                0x000856d0                fclose
 .text._fstat_r
                0x000856e0       0x28 c:/users/maciej/appdata/local/arduino15/packages/arduino/tools/arm-none-eabi-gcc/4.8.3-2014q1/bin/../lib/gcc/arm-none-eabi/4.8.3/../../../../arm-none-eabi/lib/armv7-m\libc.a(lib_a-fstatr.o)
                0x000856e0                _fstat_r
 .text._isatty_r
                0x00085708       0x24 c:/users/maciej/appdata/local/arduino15/packages/arduino/tools/arm-none-eabi-gcc/4.8.3-2014q1/bin/../lib/gcc/arm-none-eabi/4.8.3/../../../../arm-none-eabi/lib/armv7-m\libc.a(lib_a-isattyr.o)
                0x00085708                _isatty_r
 .text._lseek_r
                0x0008572c       0x28 c:/users/maciej/appdata/local/arduino15/packages/arduino/tools/arm-none-eabi-gcc/4.8.3-2014q1/bin/../lib/gcc/arm-none-eabi/4.8.3/../../../../arm-none-eabi/lib/armv7-m\libc.a(lib_a-lseekr.o)
                0x0008572c                _lseek_r
 .text._read_r  0x00085754       0x28 c:/users/maciej/appdata/local/arduino15/packages/arduino/tools/arm-none-eabi-gcc/4.8.3-2014q1/bin/../lib/gcc/arm-none-eabi/4.8.3/../../../../arm-none-eabi/lib/armv7-m\libc.a(lib_a-readr.o)
                0x00085754                _read_r
 .text          0x0008577c       0x2c c:/users/maciej/appdata/local/arduino15/packages/arduino/tools/arm-none-eabi-gcc/4.8.3-2014q1/bin/../lib/gcc/arm-none-eabi/4.8.3/armv7-m\libgcc.a(_aeabi_uldivmod.o)
                0x0008577c                __aeabi_uldivmod
 .text          0x000857a8       0x60 c:/users/maciej/appdata/local/arduino15/packages/arduino/tools/arm-none-eabi-gcc/4.8.3-2014q1/bin/../lib/gcc/arm-none-eabi/4.8.3/armv7-m\libgcc.a(bpabi.o)
                0x000857a8                __gnu_ldivmod_helper
                0x000857d8                __gnu_uldivmod_helper
 .text          0x00085808        0x4 c:/users/maciej/appdata/local/arduino15/packages/arduino/tools/arm-none-eabi-gcc/4.8.3-2014q1/bin/../lib/gcc/arm-none-eabi/4.8.3/armv7-m\libgcc.a(_dvmd_tls.o)
                0x00085808                __aeabi_idiv0
                0x00085808                __aeabi_ldiv0
 .text          0x0008580c      0x2a0 c:/users/maciej/appdata/local/arduino15/packages/arduino/tools/arm-none-eabi-gcc/4.8.3-2014q1/bin/../lib/gcc/arm-none-eabi/4.8.3/armv7-m\libgcc.a(_divdi3.o)
                0x0008580c                __divdi3
 .text          0x00085aac      0x290 c:/users/maciej/appdata/local/arduino15/packages/arduino/tools/arm-none-eabi-gcc/4.8.3-2014q1/bin/../lib/gcc/arm-none-eabi/4.8.3/armv7-m\libgcc.a(_udivdi3.o)
                0x00085aac                __udivdi3
 *(.glue_7t)
 .glue_7t       0x00000000        0x0 linker stubs
 *(.glue_7)
 .glue_7        0x00000000        0x0 linker stubs
 *(.rodata .rodata* .gnu.linkonce.r.*)
 .rodata.str1.1
                0x00085d3c       0x95 ISA_Autko.cpp.o
                                 0x97 (size before relaxing)
 *fill*         0x00085dd1        0x7 
 .rodata._ZTV7TwoWire
                0x00085dd8       0x20 Wire\Wire.cpp.o
                0x00085dd8                vtable for TwoWire
 .rodata.str1.1
                0x00085df8       0x6a VM_DBG\VM_DBG.cpp.o
                                 0x6c (size before relaxing)
 *fill*         0x00085e62        0x2 
 .rodata.g_APinDescription
                0x00085e64      0xa2c C:\Users\Maciej\AppData\Local\Temp\VMBCore\arduino16x\94a1c61906f5a49ed5c5079cb2e5371c\variant\variant.cpp.o
                0x00085e64                g_APinDescription
 .rodata.__func__.7227
                0x00086890        0xe C:\Users\Maciej\AppData\Local\arduino15\packages\arduino\hardware\sam\1.6.12\variants\arduino_due_x/libsam_sam3x8e_gcc_rel.a(twi.o)
 .rodata.__func__.7157
                0x0008689e        0xd C:\Users\Maciej\AppData\Local\arduino15\packages\arduino\hardware\sam\1.6.12\variants\arduino_due_x/libsam_sam3x8e_gcc_rel.a(twi.o)
 .rodata.__func__.7208
                0x000868ab        0xf C:\Users\Maciej\AppData\Local\arduino15\packages\arduino\hardware\sam\1.6.12\variants\arduino_due_x/libsam_sam3x8e_gcc_rel.a(twi.o)
 .rodata.__func__.7176
                0x000868ba        0xc C:\Users\Maciej\AppData\Local\arduino15\packages\arduino\hardware\sam\1.6.12\variants\arduino_due_x/libsam_sam3x8e_gcc_rel.a(twi.o)
 .rodata.str1.1
                0x000868c6       0xb4 C:\Users\Maciej\AppData\Local\arduino15\packages\arduino\hardware\sam\1.6.12\variants\arduino_due_x/libsam_sam3x8e_gcc_rel.a(twi.o)
 .rodata.__func__.7184
                0x0008697a        0x9 C:\Users\Maciej\AppData\Local\arduino15\packages\arduino\hardware\sam\1.6.12\variants\arduino_due_x/libsam_sam3x8e_gcc_rel.a(twi.o)
 .rodata.__func__.7240
                0x00086983       0x16 C:\Users\Maciej\AppData\Local\arduino15\packages\arduino\hardware\sam\1.6.12\variants\arduino_due_x/libsam_sam3x8e_gcc_rel.a(twi.o)
 .rodata.__func__.7191
                0x00086999        0xe C:\Users\Maciej\AppData\Local\arduino15\packages\arduino\hardware\sam\1.6.12\variants\arduino_due_x/libsam_sam3x8e_gcc_rel.a(twi.o)
 .rodata.__func__.7231
                0x000869a7        0xe C:\Users\Maciej\AppData\Local\arduino15\packages\arduino\hardware\sam\1.6.12\variants\arduino_due_x/libsam_sam3x8e_gcc_rel.a(twi.o)
 .rodata.__func__.7195
                0x000869b5        0xd C:\Users\Maciej\AppData\Local\arduino15\packages\arduino\hardware\sam\1.6.12\variants\arduino_due_x/libsam_sam3x8e_gcc_rel.a(twi.o)
 .rodata.__func__.7222
                0x000869c2        0xd C:\Users\Maciej\AppData\Local\arduino15\packages\arduino\hardware\sam\1.6.12\variants\arduino_due_x/libsam_sam3x8e_gcc_rel.a(twi.o)
 .rodata.__func__.7200
                0x000869cf        0xe C:\Users\Maciej\AppData\Local\arduino15\packages\arduino\hardware\sam\1.6.12\variants\arduino_due_x/libsam_sam3x8e_gcc_rel.a(twi.o)
 .rodata.__func__.7151
                0x000869dd       0x14 C:\Users\Maciej\AppData\Local\arduino15\packages\arduino\hardware\sam\1.6.12\variants\arduino_due_x/libsam_sam3x8e_gcc_rel.a(twi.o)
 *fill*         0x000869f1        0x3 
 .rodata        0x000869f4       0x40 C:\Users\Maciej\AppData\Local\arduino15\packages\arduino\hardware\sam\1.6.12\variants\arduino_due_x/libsam_sam3x8e_gcc_rel.a(adc.o)
 .rodata.channelToId.9433
                0x00086a34       0x48 C:\Users\Maciej\AppData\Local\Temp\VMBuilds\ISA_Autko\arduino_due_x_dbg\Debug/core.a(wiring_analog.c.o)
 .rodata.channelToTC.9432
                0x00086a7c       0x48 C:\Users\Maciej\AppData\Local\Temp\VMBuilds\ISA_Autko\arduino_due_x_dbg\Debug/core.a(wiring_analog.c.o)
 .rodata.channelToChNo.9430
                0x00086ac4       0x48 C:\Users\Maciej\AppData\Local\Temp\VMBuilds\ISA_Autko\arduino_due_x_dbg\Debug/core.a(wiring_analog.c.o)
 .rodata.channelToAB.9431
                0x00086b0c       0x48 C:\Users\Maciej\AppData\Local\Temp\VMBuilds\ISA_Autko\arduino_due_x_dbg\Debug/core.a(wiring_analog.c.o)
 .rodata.str1.1
                0x00086b54        0xc C:\Users\Maciej\AppData\Local\Temp\VMBuilds\ISA_Autko\arduino_due_x_dbg\Debug/core.a(Print.cpp.o)
                                  0xf (size before relaxing)
 .rodata._ZTV9UARTClass
                0x00086b60       0x30 C:\Users\Maciej\AppData\Local\Temp\VMBuilds\ISA_Autko\arduino_due_x_dbg\Debug/core.a(UARTClass.cpp.o)
                0x00086b60                vtable for UARTClass
 .rodata._ZTV10USARTClass
                0x00086b90       0x30 C:\Users\Maciej\AppData\Local\Temp\VMBuilds\ISA_Autko\arduino_due_x_dbg\Debug/core.a(USARTClass.cpp.o)
                0x00086b90                vtable for USARTClass
 .rodata.STRING_PRODUCT
                0x00086bc0        0xc C:\Users\Maciej\AppData\Local\Temp\VMBuilds\ISA_Autko\arduino_due_x_dbg\Debug/core.a(USBCore.cpp.o)
                0x00086bc0                STRING_PRODUCT
 .rodata.USB_DeviceDescriptor
                0x00086bcc       0x12 C:\Users\Maciej\AppData\Local\Temp\VMBuilds\ISA_Autko\arduino_due_x_dbg\Debug/core.a(USBCore.cpp.o)
                0x00086bcc                USB_DeviceDescriptor
 .rodata.STRING_LANGUAGE
                0x00086bde        0x4 C:\Users\Maciej\AppData\Local\Temp\VMBuilds\ISA_Autko\arduino_due_x_dbg\Debug/core.a(USBCore.cpp.o)
                0x00086bde                STRING_LANGUAGE
 .rodata._ZL18test_packet_buffer
                0x00086be2       0x35 C:\Users\Maciej\AppData\Local\Temp\VMBuilds\ISA_Autko\arduino_due_x_dbg\Debug/core.a(USBCore.cpp.o)
 .rodata.STRING_MANUFACTURER
                0x00086c17        0xc C:\Users\Maciej\AppData\Local\Temp\VMBuilds\ISA_Autko\arduino_due_x_dbg\Debug/core.a(USBCore.cpp.o)
                0x00086c17                STRING_MANUFACTURER
 .rodata.USB_DeviceDescriptorA
                0x00086c23       0x12 C:\Users\Maciej\AppData\Local\Temp\VMBuilds\ISA_Autko\arduino_due_x_dbg\Debug/core.a(USBCore.cpp.o)
                0x00086c23                USB_DeviceDescriptorA
 .rodata._ZL19USB_DeviceQualifier
                0x00086c35        0x9 C:\Users\Maciej\AppData\Local\Temp\VMBuilds\ISA_Autko\arduino_due_x_dbg\Debug/core.a(USBCore.cpp.o)
 *fill*         0x00086c3e        0x2 
 .rodata._ZTV7Serial_
                0x00086c40       0x28 C:\Users\Maciej\AppData\Local\Temp\VMBuilds\ISA_Autko\arduino_due_x_dbg\Debug/core.a(CDC.cpp.o)
                0x00086c40                vtable for Serial_
 .rodata._ZL18_cdcOtherInterface
                0x00086c68       0x42 C:\Users\Maciej\AppData\Local\Temp\VMBuilds\ISA_Autko\arduino_due_x_dbg\Debug/core.a(CDC.cpp.o)
 .rodata._ZL13_cdcInterface
                0x00086caa       0x42 C:\Users\Maciej\AppData\Local\Temp\VMBuilds\ISA_Autko\arduino_due_x_dbg\Debug/core.a(CDC.cpp.o)
 .rodata        0x00086cec       0x2c C:\Users\Maciej\AppData\Local\arduino15\packages\arduino\hardware\sam\1.6.12\variants\arduino_due_x/libsam_sam3x8e_gcc_rel.a(pwmc.o)
 .rodata.__func__.6830
                0x00086d18       0x15 C:\Users\Maciej\AppData\Local\arduino15\packages\arduino\hardware\sam\1.6.12\variants\arduino_due_x/libsam_sam3x8e_gcc_rel.a(pwmc.o)
 .rodata.__func__.6841
                0x00086d2d       0x12 C:\Users\Maciej\AppData\Local\arduino15\packages\arduino\hardware\sam\1.6.12\variants\arduino_due_x/libsam_sam3x8e_gcc_rel.a(pwmc.o)
 .rodata.str1.1
                0x00086d3f      0x1cc C:\Users\Maciej\AppData\Local\arduino15\packages\arduino\hardware\sam\1.6.12\variants\arduino_due_x/libsam_sam3x8e_gcc_rel.a(pwmc.o)
 .rodata.__func__.6804
                0x00086f0b       0x16 C:\Users\Maciej\AppData\Local\arduino15\packages\arduino\hardware\sam\1.6.12\variants\arduino_due_x/libsam_sam3x8e_gcc_rel.a(pwmc.o)
 .rodata.__func__.6793
                0x00086f21       0x17 C:\Users\Maciej\AppData\Local\arduino15\packages\arduino\hardware\sam\1.6.12\variants\arduino_due_x/libsam_sam3x8e_gcc_rel.a(pwmc.o)
 .rodata.__func__.6792
                0x00086f38        0xd C:\Users\Maciej\AppData\Local\arduino15\packages\arduino\hardware\sam\1.6.12\variants\arduino_due_x/libsam_sam3x8e_gcc_rel.a(tc.o)
 .rodata.str1.1
                0x00086f45       0x54 C:\Users\Maciej\AppData\Local\arduino15\packages\arduino\hardware\sam\1.6.12\variants\arduino_due_x/libsam_sam3x8e_gcc_rel.a(tc.o)
 .rodata.__func__.6798
                0x00086f99        0x9 C:\Users\Maciej\AppData\Local\arduino15\packages\arduino\hardware\sam\1.6.12\variants\arduino_due_x/libsam_sam3x8e_gcc_rel.a(tc.o)
 *fill*         0x00086fa2        0x2 
 .rodata.str1.4
                0x00086fa4       0x3f c:/users/maciej/appdata/local/arduino15/packages/arduino/tools/arm-none-eabi-gcc/4.8.3-2014q1/bin/../lib/gcc/arm-none-eabi/4.8.3/../../../../arm-none-eabi/lib/armv7-m\libc.a(lib_a-assert.o)
                                 0x44 (size before relaxing)
 *fill*         0x00086fe3        0x1 
 .rodata.str1.4
                0x00086fe4        0x2 c:/users/maciej/appdata/local/arduino15/packages/arduino/tools/arm-none-eabi-gcc/4.8.3-2014q1/bin/../lib/gcc/arm-none-eabi/4.8.3/../../../../arm-none-eabi/lib/armv7-m\libc.a(lib_a-impure.o)
                                  0x4 (size before relaxing)
 *fill*         0x00086fe6        0x2 
 .rodata._global_impure_ptr
                0x00086fe8        0x4 c:/users/maciej/appdata/local/arduino15/packages/arduino/tools/arm-none-eabi-gcc/4.8.3-2014q1/bin/../lib/gcc/arm-none-eabi/4.8.3/../../../../arm-none-eabi/lib/armv7-m\libc.a(lib_a-impure.o)
                0x00086fe8                _global_impure_ptr
 .rodata.blanks.6717
                0x00086fec       0x10 c:/users/maciej/appdata/local/arduino15/packages/arduino/tools/arm-none-eabi-gcc/4.8.3-2014q1/bin/../lib/gcc/arm-none-eabi/4.8.3/../../../../arm-none-eabi/lib/armv7-m\libc.a(lib_a-vfiprintf.o)
 .rodata.str1.4
                0x00086ffc       0x30 c:/users/maciej/appdata/local/arduino15/packages/arduino/tools/arm-none-eabi-gcc/4.8.3-2014q1/bin/../lib/gcc/arm-none-eabi/4.8.3/../../../../arm-none-eabi/lib/armv7-m\libc.a(lib_a-vfiprintf.o)
 .rodata.zeroes.6718
                0x0008702c       0x10 c:/users/maciej/appdata/local/arduino15/packages/arduino/tools/arm-none-eabi-gcc/4.8.3-2014q1/bin/../lib/gcc/arm-none-eabi/4.8.3/../../../../arm-none-eabi/lib/armv7-m\libc.a(lib_a-vfiprintf.o)
 *(.ARM.extab* .gnu.linkonce.armextab.*)
                0x0008703c                . = ALIGN (0x4)
 *(.init)
 .init          0x0008703c        0x4 c:/users/maciej/appdata/local/arduino15/packages/arduino/tools/arm-none-eabi-gcc/4.8.3-2014q1/bin/../lib/gcc/arm-none-eabi/4.8.3/armv7-m/crti.o
                0x0008703c                _init
 .init          0x00087040        0x8 c:/users/maciej/appdata/local/arduino15/packages/arduino/tools/arm-none-eabi-gcc/4.8.3-2014q1/bin/../lib/gcc/arm-none-eabi/4.8.3/armv7-m/crtn.o
                0x00087048                . = ALIGN (0x4)
                0x00087048                __preinit_array_start = .
 *(.preinit_array)
                0x00087048                __preinit_array_end = .
                0x00087048                . = ALIGN (0x4)
                0x00087048                __init_array_start = .
 *(SORT(.init_array.*))
 .init_array.00000
                0x00087048        0x4 c:/users/maciej/appdata/local/arduino15/packages/arduino/tools/arm-none-eabi-gcc/4.8.3-2014q1/bin/../lib/gcc/arm-none-eabi/4.8.3/../../../../arm-none-eabi/lib/armv7-m\libc.a(lib_a-__call_atexit.o)
 *(.init_array)
 .init_array    0x0008704c        0x4 c:/users/maciej/appdata/local/arduino15/packages/arduino/tools/arm-none-eabi-gcc/4.8.3-2014q1/bin/../lib/gcc/arm-none-eabi/4.8.3/armv7-m/crtbegin.o
 .init_array    0x00087050        0x4 Wire\Wire.cpp.o
 .init_array    0x00087054        0x4 VM_DBG\VM_DBG.cpp.o
 .init_array    0x00087058        0x4 C:\Users\Maciej\AppData\Local\Temp\VMBCore\arduino16x\94a1c61906f5a49ed5c5079cb2e5371c\variant\variant.cpp.o
 .init_array    0x0008705c        0x4 C:\Users\Maciej\AppData\Local\Temp\VMBuilds\ISA_Autko\arduino_due_x_dbg\Debug/core.a(USBCore.cpp.o)
 .init_array    0x00087060        0x4 C:\Users\Maciej\AppData\Local\Temp\VMBuilds\ISA_Autko\arduino_due_x_dbg\Debug/core.a(CDC.cpp.o)
                0x00087064                __init_array_end = .
                0x00087064                . = ALIGN (0x4)
 *crtbegin.o(.ctors)
 *(EXCLUDE_FILE(*crtend.o) .ctors)
 *(SORT(.ctors.*))
 *crtend.o(.ctors)
                0x00087064                . = ALIGN (0x4)
 *(.fini)
 .fini          0x00087064        0x4 c:/users/maciej/appdata/local/arduino15/packages/arduino/tools/arm-none-eabi-gcc/4.8.3-2014q1/bin/../lib/gcc/arm-none-eabi/4.8.3/armv7-m/crti.o
                0x00087064                _fini
 .fini          0x00087068        0x8 c:/users/maciej/appdata/local/arduino15/packages/arduino/tools/arm-none-eabi-gcc/4.8.3-2014q1/bin/../lib/gcc/arm-none-eabi/4.8.3/armv7-m/crtn.o
                0x00087070                . = ALIGN (0x4)
                0x00087070                __fini_array_start = .
 *(.fini_array)
 .fini_array    0x00087070        0x4 c:/users/maciej/appdata/local/arduino15/packages/arduino/tools/arm-none-eabi-gcc/4.8.3-2014q1/bin/../lib/gcc/arm-none-eabi/4.8.3/armv7-m/crtbegin.o
 *(SORT(.fini_array.*))
                0x00087074                __fini_array_end = .
 *crtbegin.o(.dtors)
 *(EXCLUDE_FILE(*crtend.o) .dtors)
 *(SORT(.dtors.*))
 *crtend.o(.dtors)
                0x00087074                . = ALIGN (0x4)
                0x00087074                _efixed = .
                0x00087074                PROVIDE (__exidx_start, .)

.vfp11_veneer   0x00087074        0x0
 .vfp11_veneer  0x00000000        0x0 linker stubs

.v4_bx          0x00087074        0x0
 .v4_bx         0x00000000        0x0 linker stubs

.iplt           0x00087074        0x0
 .iplt          0x00000000        0x0 c:/users/maciej/appdata/local/arduino15/packages/arduino/tools/arm-none-eabi-gcc/4.8.3-2014q1/bin/../lib/gcc/arm-none-eabi/4.8.3/armv7-m/crtbegin.o

.ARM.exidx      0x00087074        0x8
 *(.ARM.exidx* .gnu.linkonce.armexidx.*)
 .ARM.exidx     0x00087074        0x8 c:/users/maciej/appdata/local/arduino15/packages/arduino/tools/arm-none-eabi-gcc/4.8.3-2014q1/bin/../lib/gcc/arm-none-eabi/4.8.3/armv7-m\libgcc.a(_divdi3.o)
 .ARM.exidx     0x0008707c        0x0 c:/users/maciej/appdata/local/arduino15/packages/arduino/tools/arm-none-eabi-gcc/4.8.3-2014q1/bin/../lib/gcc/arm-none-eabi/4.8.3/armv7-m\libgcc.a(_udivdi3.o)
                                  0x8 (size before relaxing)
                0x0008707c                PROVIDE (__exidx_end, .)

.eh_frame       0x0008707c        0x0
 .eh_frame      0x0008707c        0x0 c:/users/maciej/appdata/local/arduino15/packages/arduino/tools/arm-none-eabi-gcc/4.8.3-2014q1/bin/../lib/gcc/arm-none-eabi/4.8.3/armv7-m/crtbegin.o

.rel.dyn        0x0008707c        0x0
 .rel.iplt      0x00000000        0x0 c:/users/maciej/appdata/local/arduino15/packages/arduino/tools/arm-none-eabi-gcc/4.8.3-2014q1/bin/../lib/gcc/arm-none-eabi/4.8.3/armv7-m/crtbegin.o

.jcr            0x0008707c        0x0
 .jcr           0x0008707c        0x0 c:/users/maciej/appdata/local/arduino15/packages/arduino/tools/arm-none-eabi-gcc/4.8.3-2014q1/bin/../lib/gcc/arm-none-eabi/4.8.3/armv7-m/crtbegin.o

.igot.plt       0x0008707c        0x0
 .igot.plt      0x00000000        0x0 c:/users/maciej/appdata/local/arduino15/packages/arduino/tools/arm-none-eabi-gcc/4.8.3-2014q1/bin/../lib/gcc/arm-none-eabi/4.8.3/armv7-m/crtbegin.o
                0x0008707c                . = ALIGN (0x4)
                0x0008707c                _etext = .

.relocate       0x20070000      0x8f4 load address 0x0008707c
                0x20070000                . = ALIGN (0x4)
                0x20070000                _srelocate = .
 *(.ramfunc .ramfunc.*)
 .ramfunc       0x20070000       0x2c C:\Users\Maciej\AppData\Local\Temp\VMBuilds\ISA_Autko\arduino_due_x_dbg\Debug/core.a(Reset.cpp.o)
                0x20070000                banzai
 *(.data .data.*)
 .data.ultrasound_trigger_pin
                0x2007002c       0x10 ISA_Autko.cpp.o
                0x2007002c                ultrasound_trigger_pin
 .data.ultrasound_echo_pin
                0x2007003c       0x10 ISA_Autko.cpp.o
                0x2007003c                ultrasound_echo_pin
 .data.SystemCoreClock
                0x2007004c        0x4 C:\Users\Maciej\AppData\Local\arduino15\packages\arduino\hardware\sam\1.6.12\variants\arduino_due_x/libsam_sam3x8e_gcc_rel.a(system_sam3xa.o)
                0x2007004c                SystemCoreClock
 .data._writeResolution
                0x20070050        0x4 C:\Users\Maciej\AppData\Local\Temp\VMBuilds\ISA_Autko\arduino_due_x_dbg\Debug/core.a(wiring_analog.c.o)
 .data._ZL5ticks
                0x20070054        0x4 C:\Users\Maciej\AppData\Local\Temp\VMBuilds\ISA_Autko\arduino_due_x_dbg\Debug/core.a(Reset.cpp.o)
 .data.EndPoints
                0x20070058       0x28 C:\Users\Maciej\AppData\Local\Temp\VMBuilds\ISA_Autko\arduino_due_x_dbg\Debug/core.a(USBCore.cpp.o)
                0x20070058                EndPoints
 .data._ZL10breakValue
                0x20070080        0x4 C:\Users\Maciej\AppData\Local\Temp\VMBuilds\ISA_Autko\arduino_due_x_dbg\Debug/core.a(CDC.cpp.o)
 .data._ZL12_usbLineInfo
                0x20070084        0x8 C:\Users\Maciej\AppData\Local\Temp\VMBuilds\ISA_Autko\arduino_due_x_dbg\Debug/core.a(CDC.cpp.o)
 .data.g_interrupt_enabled
                0x2007008c        0x4 C:\Users\Maciej\AppData\Local\arduino15\packages\arduino\hardware\sam\1.6.12\variants\arduino_due_x/libsam_sam3x8e_gcc_rel.a(interrupt_sam_nvic.o)
                0x2007008c                g_interrupt_enabled
 .data.impure_data
                0x20070090      0x428 c:/users/maciej/appdata/local/arduino15/packages/arduino/tools/arm-none-eabi-gcc/4.8.3-2014q1/bin/../lib/gcc/arm-none-eabi/4.8.3/../../../../arm-none-eabi/lib/armv7-m\libc.a(lib_a-impure.o)
 .data._impure_ptr
                0x200704b8        0x4 c:/users/maciej/appdata/local/arduino15/packages/arduino/tools/arm-none-eabi-gcc/4.8.3-2014q1/bin/../lib/gcc/arm-none-eabi/4.8.3/../../../../arm-none-eabi/lib/armv7-m\libc.a(lib_a-impure.o)
                0x200704b8                _impure_ptr
 .data.lc_ctype_charset
                0x200704bc       0x20 c:/users/maciej/appdata/local/arduino15/packages/arduino/tools/arm-none-eabi-gcc/4.8.3-2014q1/bin/../lib/gcc/arm-none-eabi/4.8.3/../../../../arm-none-eabi/lib/armv7-m\libc.a(lib_a-locale.o)
 .data.__mb_cur_max
                0x200704dc        0x4 c:/users/maciej/appdata/local/arduino15/packages/arduino/tools/arm-none-eabi-gcc/4.8.3-2014q1/bin/../lib/gcc/arm-none-eabi/4.8.3/../../../../arm-none-eabi/lib/armv7-m\libc.a(lib_a-locale.o)
                0x200704dc                __mb_cur_max
 .data.__malloc_av_
                0x200704e0      0x408 c:/users/maciej/appdata/local/arduino15/packages/arduino/tools/arm-none-eabi-gcc/4.8.3-2014q1/bin/../lib/gcc/arm-none-eabi/4.8.3/../../../../arm-none-eabi/lib/armv7-m\libc.a(lib_a-mallocr.o)
                0x200704e0                __malloc_av_
 .data.__malloc_trim_threshold
                0x200708e8        0x4 c:/users/maciej/appdata/local/arduino15/packages/arduino/tools/arm-none-eabi-gcc/4.8.3-2014q1/bin/../lib/gcc/arm-none-eabi/4.8.3/../../../../arm-none-eabi/lib/armv7-m\libc.a(lib_a-mallocr.o)
                0x200708e8                __malloc_trim_threshold
 .data.__malloc_sbrk_base
                0x200708ec        0x4 c:/users/maciej/appdata/local/arduino15/packages/arduino/tools/arm-none-eabi-gcc/4.8.3-2014q1/bin/../lib/gcc/arm-none-eabi/4.8.3/../../../../arm-none-eabi/lib/armv7-m\libc.a(lib_a-mallocr.o)
                0x200708ec                __malloc_sbrk_base
 .data.__wctomb
                0x200708f0        0x4 c:/users/maciej/appdata/local/arduino15/packages/arduino/tools/arm-none-eabi-gcc/4.8.3-2014q1/bin/../lib/gcc/arm-none-eabi/4.8.3/../../../../arm-none-eabi/lib/armv7-m\libc.a(lib_a-wctomb_r.o)
                0x200708f0                __wctomb
                0x200708f4                . = ALIGN (0x4)
                0x200708f4                _erelocate = .

.bss            0x200708f4      0x9b4 load address 0x00087970
                0x200708f4                . = ALIGN (0x4)
                0x200708f4                _sbss = .
                0x200708f4                _szero = .
 *(.bss .bss.*)
 .bss           0x200708f4       0x1c c:/users/maciej/appdata/local/arduino15/packages/arduino/tools/arm-none-eabi-gcc/4.8.3-2014q1/bin/../lib/gcc/arm-none-eabi/4.8.3/armv7-m/crtbegin.o
 .bss.kierunek  0x20070910        0x6 ISA_Autko.cpp.o
                0x20070910                kierunek
 .bss.qmc       0x20070916        0x6 ISA_Autko.cpp.o
                0x20070916                qmc
 .bss.Wire1     0x2007091c       0x94 Wire\Wire.cpp.o
                0x2007091c                Wire1
 .bss.Wire      0x200709b0       0x94 Wire\Wire.cpp.o
                0x200709b0                Wire
 .bss.MicroDebug
                0x20070a44       0x4c VM_DBG\VM_DBG.cpp.o
                0x20070a44                MicroDebug
 .bss.tx_buffer2
                0x20070a90       0x88 C:\Users\Maciej\AppData\Local\Temp\VMBCore\arduino16x\94a1c61906f5a49ed5c5079cb2e5371c\variant\variant.cpp.o
                0x20070a90                tx_buffer2
 .bss.tx_buffer1
                0x20070b18       0x88 C:\Users\Maciej\AppData\Local\Temp\VMBCore\arduino16x\94a1c61906f5a49ed5c5079cb2e5371c\variant\variant.cpp.o
                0x20070b18                tx_buffer1
 .bss.Serial    0x20070ba0       0x24 C:\Users\Maciej\AppData\Local\Temp\VMBCore\arduino16x\94a1c61906f5a49ed5c5079cb2e5371c\variant\variant.cpp.o
                0x20070ba0                Serial
 .bss.rx_buffer1